###############################################################################
#
# IAR ELF Linker V7.80.3.12102/W32 for ARM                16/Feb/2017  10:15:48
# Copyright 2007-2016 IAR Systems AB.
#
#    Output file  =  
#        D:\Skolarbeten\Inbyggda System\Projekt\KULUR\EWARM\KULUR\Exe\KULUR.out
#    Map file     =  
#        D:\Skolarbeten\Inbyggda
#        System\Projekt\KULUR\EWARM\KULUR\List\KULUR.map
#    Command line =  
#        "D:\Skolarbeten\Inbyggda
#        System\Projekt\KULUR\EWARM\KULUR\Obj\cmsis_os.o"
#        "D:\Skolarbeten\Inbyggda
#        System\Projekt\KULUR\EWARM\KULUR\Obj\croutine.o"
#        "D:\Skolarbeten\Inbyggda
#        System\Projekt\KULUR\EWARM\KULUR\Obj\event_groups.o"
#        "D:\Skolarbeten\Inbyggda
#        System\Projekt\KULUR\EWARM\KULUR\Obj\freertos.o"
#        "D:\Skolarbeten\Inbyggda System\Projekt\KULUR\EWARM\KULUR\Obj\gpio.o"
#        "D:\Skolarbeten\Inbyggda
#        System\Projekt\KULUR\EWARM\KULUR\Obj\heap_4.o"
#        "D:\Skolarbeten\Inbyggda System\Projekt\KULUR\EWARM\KULUR\Obj\list.o"
#        "D:\Skolarbeten\Inbyggda System\Projekt\KULUR\EWARM\KULUR\Obj\main.o"
#        "D:\Skolarbeten\Inbyggda System\Projekt\KULUR\EWARM\KULUR\Obj\port.o"
#        "D:\Skolarbeten\Inbyggda
#        System\Projekt\KULUR\EWARM\KULUR\Obj\portasm.o"
#        "D:\Skolarbeten\Inbyggda System\Projekt\KULUR\EWARM\KULUR\Obj\queue.o"
#        "D:\Skolarbeten\Inbyggda System\Projekt\KULUR\EWARM\KULUR\Obj\rtc.o"
#        "D:\Skolarbeten\Inbyggda
#        System\Projekt\KULUR\EWARM\KULUR\Obj\startup_stm32f303xc.o"
#        "D:\Skolarbeten\Inbyggda
#        System\Projekt\KULUR\EWARM\KULUR\Obj\stm32f3xx_hal.o"
#        "D:\Skolarbeten\Inbyggda
#        System\Projekt\KULUR\EWARM\KULUR\Obj\stm32f3xx_hal_cortex.o"
#        "D:\Skolarbeten\Inbyggda
#        System\Projekt\KULUR\EWARM\KULUR\Obj\stm32f3xx_hal_dma.o"
#        "D:\Skolarbeten\Inbyggda
#        System\Projekt\KULUR\EWARM\KULUR\Obj\stm32f3xx_hal_flash.o"
#        "D:\Skolarbeten\Inbyggda
#        System\Projekt\KULUR\EWARM\KULUR\Obj\stm32f3xx_hal_flash_ex.o"
#        "D:\Skolarbeten\Inbyggda
#        System\Projekt\KULUR\EWARM\KULUR\Obj\stm32f3xx_hal_gpio.o"
#        "D:\Skolarbeten\Inbyggda
#        System\Projekt\KULUR\EWARM\KULUR\Obj\stm32f3xx_hal_i2c.o"
#        "D:\Skolarbeten\Inbyggda
#        System\Projekt\KULUR\EWARM\KULUR\Obj\stm32f3xx_hal_i2c_ex.o"
#        "D:\Skolarbeten\Inbyggda
#        System\Projekt\KULUR\EWARM\KULUR\Obj\stm32f3xx_hal_msp.o"
#        "D:\Skolarbeten\Inbyggda
#        System\Projekt\KULUR\EWARM\KULUR\Obj\stm32f3xx_hal_pwr.o"
#        "D:\Skolarbeten\Inbyggda
#        System\Projekt\KULUR\EWARM\KULUR\Obj\stm32f3xx_hal_pwr_ex.o"
#        "D:\Skolarbeten\Inbyggda
#        System\Projekt\KULUR\EWARM\KULUR\Obj\stm32f3xx_hal_rcc.o"
#        "D:\Skolarbeten\Inbyggda
#        System\Projekt\KULUR\EWARM\KULUR\Obj\stm32f3xx_hal_rcc_ex.o"
#        "D:\Skolarbeten\Inbyggda
#        System\Projekt\KULUR\EWARM\KULUR\Obj\stm32f3xx_hal_rtc.o"
#        "D:\Skolarbeten\Inbyggda
#        System\Projekt\KULUR\EWARM\KULUR\Obj\stm32f3xx_hal_rtc_ex.o"
#        "D:\Skolarbeten\Inbyggda
#        System\Projekt\KULUR\EWARM\KULUR\Obj\stm32f3xx_hal_tim.o"
#        "D:\Skolarbeten\Inbyggda
#        System\Projekt\KULUR\EWARM\KULUR\Obj\stm32f3xx_hal_tim_ex.o"
#        "D:\Skolarbeten\Inbyggda
#        System\Projekt\KULUR\EWARM\KULUR\Obj\stm32f3xx_hal_uart.o"
#        "D:\Skolarbeten\Inbyggda
#        System\Projekt\KULUR\EWARM\KULUR\Obj\stm32f3xx_hal_uart_ex.o"
#        "D:\Skolarbeten\Inbyggda
#        System\Projekt\KULUR\EWARM\KULUR\Obj\stm32f3xx_it.o"
#        "D:\Skolarbeten\Inbyggda
#        System\Projekt\KULUR\EWARM\KULUR\Obj\system_stm32f3xx.o"
#        "D:\Skolarbeten\Inbyggda System\Projekt\KULUR\EWARM\KULUR\Obj\tasks.o"
#        "D:\Skolarbeten\Inbyggda System\Projekt\KULUR\EWARM\KULUR\Obj\tim.o"
#        "D:\Skolarbeten\Inbyggda
#        System\Projekt\KULUR\EWARM\KULUR\Obj\timers.o"
#        "D:\Skolarbeten\Inbyggda System\Projekt\KULUR\EWARM\KULUR\Obj\usart.o"
#        --redirect _Printf=_PrintfFull --redirect _Scanf=_ScanfFull -o
#        "D:\Skolarbeten\Inbyggda
#        System\Projekt\KULUR\EWARM\KULUR\Exe\KULUR.out" --map
#        "D:\Skolarbeten\Inbyggda
#        System\Projekt\KULUR\EWARM\KULUR\List\KULUR.map" --config
#        "D:\Skolarbeten\Inbyggda
#        System\Projekt\KULUR\EWARM/stm32f303xc_flash.icf" --semihosting
#        --entry __iar_program_start --vfe
#
###############################################################################

*******************************************************************************
*** RUNTIME MODEL ATTRIBUTES
***

CppFlavor       = *
__SystemLibrary = DLib


*******************************************************************************
*** PLACEMENT SUMMARY
***

"A0":  place at 0x08000000 { ro section .intvec };
"P1":  place in [from 0x08000000 to 0x0803ffff] { ro };
"P2":  place in [from 0x20000000 to 0x20009fff] { rw, block CSTACK, block HEAP };
initialize by copy { rw };

  Section            Kind        Address    Size  Object
  -------            ----        -------    ----  ------
"A0":                                      0x188
  .intvec            ro code  0x08000000   0x188  startup_stm32f303xc.o [1]
                            - 0x08000188   0x188

"P1":                                     0x1e94
  .text              ro code  0x08000188   0x5ca  stm32f3xx_hal_tim.o [1]
  .text              ro code  0x08000754   0x114  tim.o [1]
  .text              ro code  0x08000868     0x2  stm32f3xx_hal_tim.o [1]
  .text              ro code  0x0800086a     0x2  stm32f3xx_hal_tim.o [1]
  .text              ro code  0x0800086c     0x2  stm32f3xx_hal_tim.o [1]
  .text              ro code  0x0800086e     0x2  stm32f3xx_hal_tim.o [1]
  .text              ro code  0x08000870     0x2  stm32f3xx_hal_tim_ex.o [1]
  .text              ro code  0x08000872     0x2  stm32f3xx_hal_tim.o [1]
  .text              ro code  0x08000874     0x2  stm32f3xx_hal_tim_ex.o [1]
  .text              ro code  0x08000876     0x2  stm32f3xx_hal_tim.o [1]
  .text              ro code  0x08000878    0xd6  main.o [1]
  .text              ro code  0x08000950    0x54  stm32f3xx_hal_tim_ex.o [1]
  .text              ro code  0x080009a4   0x1a4  stm32f3xx_hal_gpio.o [1]
  .text              ro code  0x08000b48    0xd8  stm32f3xx_hal_cortex.o [1]
  .text              ro code  0x08000c20    0x24  stm32f3xx_hal.o [1]
  .text              ro code  0x08000c44   0x18a  gpio.o [1]
  .text              ro code  0x08000dd0    0x88  usart.o [1]
  .text              ro code  0x08000e58    0x48  rtc.o [1]
  .text              ro code  0x08000ea0    0x18  stm32f3xx_hal.o [1]
  .text              ro code  0x08000eb8   0x4a8  stm32f3xx_hal_rcc.o [1]
  .text              ro code  0x08001360   0x1b8  stm32f3xx_hal_rcc_ex.o [1]
  .text              ro code  0x08001518    0x28  stm32f3xx_hal.o [1]
  .text              ro code  0x08001540    0x78  stm32f3xx_hal_msp.o [1]
  .text              ro code  0x080015b8   0x3f0  stm32f3xx_hal_uart.o [1]
  .text              ro code  0x080019a8    0xd4  stm32f3xx_hal_rtc.o [1]
  .text              ro code  0x08001a7c     0xc  stm32f3xx_hal.o [1]
  .text              ro code  0x08001a88   0x168  tasks.o [1]
  .text              ro code  0x08001bf0    0x3c  list.o [1]
  CODE               ro code  0x08001c2c    0xa8  portasm.o [1]
  .text              ro code  0x08001cd4    0x7c  system_stm32f3xx.o [1]
  .text              ro code  0x08001d50    0x40  zero_init3.o [5]
  .text              ro code  0x08001d90    0x2c  port.o [1]
  .text              ro code  0x08001dbc    0x2c  copy_init3.o [5]
  .text              ro code  0x08001de8    0x28  data_init.o [5]
  .text              ro code  0x08001e10    0x22  fpinit_M.o [4]
  .iar.init_table    const    0x08001e34    0x24  - Linker created -
  .text              ro code  0x08001e58    0x1a  cmain.o [5]
  .text              ro code  0x08001e72     0x4  low_level_init.o [3]
  .text              ro code  0x08001e76     0x4  exit.o [3]
  .text              ro code  0x08001e7c     0xa  cexit.o [5]
  .text              ro code  0x08001e88    0x14  exit.o [6]
  .text              ro code  0x08001e9c    0x18  stm32f3xx_it.o [1]
  .text              ro code  0x08001eb4    0x10  stm32f3xx_hal.o [1]
  .text              ro code  0x08001ec4    0x14  cmsis_os.o [1]
  .text              ro code  0x08001ed8    0x10  startup_stm32f303xc.o [1]
  .text              ro code  0x08001ee8     0xc  cstartup_M.o [5]
  .rodata            const    0x08001ef4     0x8  system_stm32f3xx.o [1]
  .text              ro code  0x08001efc     0x4  startup_stm32f303xc.o [1]
  .text              ro code  0x08001f00     0x4  startup_stm32f303xc.o [1]
  .text              ro code  0x08001f04     0x4  startup_stm32f303xc.o [1]
  .text              ro code  0x08001f08     0x4  startup_stm32f303xc.o [1]
  .text              ro code  0x08001f0c     0x4  startup_stm32f303xc.o [1]
  .text              ro code  0x08001f10     0x4  startup_stm32f303xc.o [1]
  .text              ro code  0x08001f14     0x4  startup_stm32f303xc.o [1]
  .text              ro code  0x08001f18     0x4  startup_stm32f303xc.o [1]
  .text              ro code  0x08001f1c     0x4  startup_stm32f303xc.o [1]
  .text              ro code  0x08001f20     0x4  startup_stm32f303xc.o [1]
  .text              ro code  0x08001f24     0x4  startup_stm32f303xc.o [1]
  .text              ro code  0x08001f28     0x4  startup_stm32f303xc.o [1]
  .text              ro code  0x08001f2c     0x4  startup_stm32f303xc.o [1]
  .text              ro code  0x08001f30     0x4  startup_stm32f303xc.o [1]
  .text              ro code  0x08001f34     0x4  startup_stm32f303xc.o [1]
  .text              ro code  0x08001f38     0x4  startup_stm32f303xc.o [1]
  .text              ro code  0x08001f3c     0x4  startup_stm32f303xc.o [1]
  .text              ro code  0x08001f40     0x4  startup_stm32f303xc.o [1]
  .text              ro code  0x08001f44     0x4  startup_stm32f303xc.o [1]
  .text              ro code  0x08001f48     0x4  startup_stm32f303xc.o [1]
  .text              ro code  0x08001f4c     0x4  startup_stm32f303xc.o [1]
  .text              ro code  0x08001f50     0x4  startup_stm32f303xc.o [1]
  .text              ro code  0x08001f54     0x4  startup_stm32f303xc.o [1]
  .text              ro code  0x08001f58     0x4  startup_stm32f303xc.o [1]
  .text              ro code  0x08001f5c     0x4  startup_stm32f303xc.o [1]
  .text              ro code  0x08001f60     0x4  startup_stm32f303xc.o [1]
  .text              ro code  0x08001f64     0x4  startup_stm32f303xc.o [1]
  .text              ro code  0x08001f68     0x4  startup_stm32f303xc.o [1]
  .text              ro code  0x08001f6c     0x4  startup_stm32f303xc.o [1]
  .text              ro code  0x08001f70     0x4  startup_stm32f303xc.o [1]
  .text              ro code  0x08001f74     0x4  startup_stm32f303xc.o [1]
  .text              ro code  0x08001f78     0x4  startup_stm32f303xc.o [1]
  .text              ro code  0x08001f7c     0x4  startup_stm32f303xc.o [1]
  .text              ro code  0x08001f80     0x4  startup_stm32f303xc.o [1]
  .text              ro code  0x08001f84     0x4  startup_stm32f303xc.o [1]
  .text              ro code  0x08001f88     0x4  startup_stm32f303xc.o [1]
  .text              ro code  0x08001f8c     0x4  startup_stm32f303xc.o [1]
  .text              ro code  0x08001f90     0x4  startup_stm32f303xc.o [1]
  .text              ro code  0x08001f94     0x4  startup_stm32f303xc.o [1]
  .text              ro code  0x08001f98     0x4  startup_stm32f303xc.o [1]
  .text              ro code  0x08001f9c     0x4  startup_stm32f303xc.o [1]
  .text              ro code  0x08001fa0     0x4  startup_stm32f303xc.o [1]
  .text              ro code  0x08001fa4     0x4  startup_stm32f303xc.o [1]
  .text              ro code  0x08001fa8     0x4  startup_stm32f303xc.o [1]
  .text              ro code  0x08001fac     0x4  startup_stm32f303xc.o [1]
  .text              ro code  0x08001fb0     0x4  startup_stm32f303xc.o [1]
  .text              ro code  0x08001fb4     0x4  startup_stm32f303xc.o [1]
  .text              ro code  0x08001fb8     0x4  startup_stm32f303xc.o [1]
  .text              ro code  0x08001fbc     0x4  startup_stm32f303xc.o [1]
  .text              ro code  0x08001fc0     0x4  startup_stm32f303xc.o [1]
  .text              ro code  0x08001fc4     0x4  startup_stm32f303xc.o [1]
  .text              ro code  0x08001fc8     0x4  startup_stm32f303xc.o [1]
  .text              ro code  0x08001fcc     0x4  startup_stm32f303xc.o [1]
  .text              ro code  0x08001fd0     0x4  startup_stm32f303xc.o [1]
  .text              ro code  0x08001fd4     0x4  startup_stm32f303xc.o [1]
  .text              ro code  0x08001fd8     0x4  startup_stm32f303xc.o [1]
  .text              ro code  0x08001fdc     0x4  startup_stm32f303xc.o [1]
  .text              ro code  0x08001fe0     0x4  startup_stm32f303xc.o [1]
  .text              ro code  0x08001fe4     0x4  startup_stm32f303xc.o [1]
  .text              ro code  0x08001fe8     0x4  startup_stm32f303xc.o [1]
  .text              ro code  0x08001fec     0x4  startup_stm32f303xc.o [1]
  .text              ro code  0x08001ff0     0x4  startup_stm32f303xc.o [1]
  .text              ro code  0x08001ff4     0x4  startup_stm32f303xc.o [1]
  .text              ro code  0x08001ff8     0x4  startup_stm32f303xc.o [1]
  .text              ro code  0x08001ffc     0x4  startup_stm32f303xc.o [1]
  .text              ro code  0x08002000     0x4  startup_stm32f303xc.o [1]
  .text              ro code  0x08002004     0x4  startup_stm32f303xc.o [1]
  .text              ro code  0x08002008     0x4  startup_stm32f303xc.o [1]
  .text              ro code  0x0800200c     0x4  startup_stm32f303xc.o [1]
  .text              ro code  0x08002010     0x4  startup_stm32f303xc.o [1]
  .text              ro code  0x08002014     0x4  startup_stm32f303xc.o [1]
  Initializer bytes  const    0x08002018     0x4  <for P2-1>
  .rodata            const    0x0800201c     0x0  zero_init3.o [5]
  .rodata            const    0x0800201c     0x0  copy_init3.o [5]
                            - 0x0800201c  0x1e94

"P2", part 1 of 3:                           0x4
  P2-1                        0x20000000     0x4  <Init block>
    .data            inited   0x20000000     0x4  system_stm32f3xx.o [1]
                            - 0x20000004     0x4

"P2", part 2 of 3:                         0x400
  CSTACK                      0x20000008   0x400  <Block>
    CSTACK           uninit   0x20000008   0x400  <Block tail>
                            - 0x20000408   0x400

"P2", part 3 of 3:                         0x1f8
  .bss               zero     0x20000408    0x9c  tasks.o [1]
  .bss               zero     0x200004a4    0x8c  tasks.o [1]
  .bss               zero     0x20000530    0x70  usart.o [1]
  .bss               zero     0x200005a0    0x3c  tim.o [1]
  .bss               zero     0x200005dc    0x20  rtc.o [1]
  .bss               zero     0x200005fc     0x4  stm32f3xx_hal.o [1]
                            - 0x20000600   0x1f8


*******************************************************************************
*** INIT TABLE
***

          Address     Size
          -------     ----
Zero (__iar_zero_init3)
    1 destination range, total size 0x1f8:
          0x20000408  0x1f8

Copy (__iar_copy_init3)
    1 source range, total size 0x4:
          0x08002018    0x4
    1 destination range, total size 0x4:
          0x20000000    0x4



*******************************************************************************
*** MODULE SUMMARY
***

    Module                  ro code  ro data  rw data
    ------                  -------  -------  -------
D:\Skolarbeten\Inbyggda System\Projekt\KULUR\EWARM\KULUR\Obj: [1]
    cmsis_os.o                   20
    gpio.o                      394
    list.o                       60
    main.o                      214
    port.o                       44
    portasm.o                   168
    rtc.o                        72                32
    startup_stm32f303xc.o       692
    stm32f3xx_hal.o             128                 4
    stm32f3xx_hal_cortex.o      216
    stm32f3xx_hal_gpio.o        420
    stm32f3xx_hal_msp.o         120
    stm32f3xx_hal_rcc.o       1 192
    stm32f3xx_hal_rcc_ex.o      440
    stm32f3xx_hal_rtc.o         212
    stm32f3xx_hal_tim.o       1 494
    stm32f3xx_hal_tim_ex.o       88
    stm32f3xx_hal_uart.o      1 008
    stm32f3xx_it.o               24
    system_stm32f3xx.o          124       12        4
    tasks.o                     360               296
    tim.o                       276                60
    usart.o                     136               112
    -------------------------------------------------
    Total:                    7 902       12      508

command line: [2]
    -------------------------------------------------
    Total:

dl7M_tlf.a: [3]
    exit.o                        4
    low_level_init.o              4
    -------------------------------------------------
    Total:                        8

m7M_tls.a: [4]
    fpinit_M.o                   34
    -------------------------------------------------
    Total:                       34

rt7M_tl.a: [5]
    cexit.o                      10
    cmain.o                      26
    copy_init3.o                 44
    cstartup_M.o                 12
    data_init.o                  40
    zero_init3.o                 64
    -------------------------------------------------
    Total:                      196

shb_l.a: [6]
    exit.o                       20
    -------------------------------------------------
    Total:                       20

    Gaps                         10        2
    Linker created                        36    1 024
-----------------------------------------------------
    Grand Total:              8 170       50    1 532


*******************************************************************************
*** ENTRY LIST
***

Entry                      Address   Size  Type      Object
-----                      -------   ----  ----      ------
.iar.init_table$$Base   0x08001e34          --   Gb  - Linker created -
.iar.init_table$$Limit  0x08001e58          --   Gb  - Linker created -
?main                   0x08001e59         Code  Gb  cmain.o [5]
AHBPrescTable           0x08001d40   0x10  Data  Gb  system_stm32f3xx.o [1]
APBPrescTable           0x08001ef4    0x8  Data  Gb  system_stm32f3xx.o [1]
CSTACK$$Base            0x20000008          --   Gb  - Linker created -
CSTACK$$Limit           0x20000408          --   Gb  - Linker created -
Error_Handler           0x0800094d    0x2  Code  Gb  main.o [1]
HAL_Delay               0x08000ea1   0x18  Code  Wk  stm32f3xx_hal.o [1]
HAL_GPIO_Init           0x080009a5  0x16c  Code  Gb  stm32f3xx_hal_gpio.o [1]
HAL_GPIO_TogglePin      0x08000b25    0x8  Code  Gb  stm32f3xx_hal_gpio.o [1]
HAL_GPIO_WritePin       0x08000b1b    0xa  Code  Gb  stm32f3xx_hal_gpio.o [1]
HAL_GetTick             0x08001a7d    0xc  Code  Wk  stm32f3xx_hal.o [1]
HAL_IncTick             0x08001eb5   0x10  Code  Wk  stm32f3xx_hal.o [1]
HAL_Init                0x08000c21   0x20  Code  Gb  stm32f3xx_hal.o [1]
HAL_InitTick            0x08001519   0x28  Code  Wk  stm32f3xx_hal.o [1]
HAL_MspInit             0x08001541   0x78  Code  Gb  stm32f3xx_hal_msp.o [1]
HAL_NVIC_EnableIRQ      0x08000bb7    0xc  Code  Gb  stm32f3xx_hal_cortex.o [1]
HAL_NVIC_SetPriority    0x08000b7d   0x3a  Code  Gb  stm32f3xx_hal_cortex.o [1]
HAL_NVIC_SetPriorityGrouping
                        0x08000b63   0x1a  Code  Gb  stm32f3xx_hal_cortex.o [1]
HAL_RCCEx_PeriphCLKConfig
                        0x08001361  0x1aa  Code  Gb  stm32f3xx_hal_rcc_ex.o [1]
HAL_RCC_ClockConfig     0x0800118b  0x112  Code  Gb  stm32f3xx_hal_rcc.o [1]
HAL_RCC_GetHCLKFreq     0x080012eb    0x6  Code  Gb  stm32f3xx_hal_rcc.o [1]
HAL_RCC_GetPCLK1Freq    0x080012f1   0x10  Code  Gb  stm32f3xx_hal_rcc.o [1]
HAL_RCC_GetPCLK2Freq    0x08001301    0xe  Code  Gb  stm32f3xx_hal_rcc.o [1]
HAL_RCC_GetSysClockFreq
                        0x080012b1   0x3a  Code  Gb  stm32f3xx_hal_rcc.o [1]
HAL_RCC_OscConfig       0x08000eb9  0x2c0  Code  Gb  stm32f3xx_hal_rcc.o [1]
HAL_RTC_Init            0x080019a9   0x7e  Code  Gb  stm32f3xx_hal_rtc.o [1]
HAL_RTC_MspInit         0x08000e85   0x10  Code  Gb  rtc.o [1]
HAL_SYSTICK_CLKSourceConfig
                        0x08000bf3   0x14  Code  Gb  stm32f3xx_hal_cortex.o [1]
HAL_SYSTICK_Config      0x08000bcb   0x28  Code  Gb  stm32f3xx_hal_cortex.o [1]
HAL_TIMEx_BreakCallback
                        0x08000871    0x2  Code  Wk  stm32f3xx_hal_tim_ex.o [1]
HAL_TIMEx_CommutationCallback
                        0x08000875    0x2  Code  Wk  stm32f3xx_hal_tim_ex.o [1]
HAL_TIMEx_MasterConfigSynchronization
                        0x08000951   0x4c  Code  Gb  stm32f3xx_hal_tim_ex.o [1]
HAL_TIM_Base_Init       0x08000189   0x1a  Code  Gb  stm32f3xx_hal_tim.o [1]
HAL_TIM_Base_MspInit    0x08000809   0x54  Code  Gb  tim.o [1]
HAL_TIM_ConfigClockSource
                        0x0800043b   0xb4  Code  Gb  stm32f3xx_hal_tim.o [1]
HAL_TIM_IC_CaptureCallback
                        0x0800086b    0x2  Code  Wk  stm32f3xx_hal_tim.o [1]
HAL_TIM_IC_ConfigChannel
                        0x08000321  0x11a  Code  Gb  stm32f3xx_hal_tim.o [1]
HAL_TIM_IC_Init         0x080001bf   0x1a  Code  Gb  stm32f3xx_hal_tim.o [1]
HAL_TIM_IC_MspInit      0x08000869    0x2  Code  Wk  stm32f3xx_hal_tim.o [1]
HAL_TIM_IRQHandler      0x080001d9  0x142  Code  Gb  stm32f3xx_hal_tim.o [1]
HAL_TIM_OC_DelayElapsedCallback
                        0x0800086d    0x2  Code  Wk  stm32f3xx_hal_tim.o [1]
HAL_TIM_PWM_PulseFinishedCallback
                        0x08000877    0x2  Code  Wk  stm32f3xx_hal_tim.o [1]
HAL_TIM_PeriodElapsedCallback
                        0x0800086f    0x2  Code  Wk  stm32f3xx_hal_tim.o [1]
HAL_TIM_SlaveConfigSynchronization
                        0x08000501   0x1a  Code  Gb  stm32f3xx_hal_tim.o [1]
HAL_TIM_TriggerCallback
                        0x08000873    0x2  Code  Wk  stm32f3xx_hal_tim.o [1]
HAL_UART_Init           0x080015b9   0x30  Code  Gb  stm32f3xx_hal_uart.o [1]
HAL_UART_MspInit        0x08000e05   0x44  Code  Gb  usart.o [1]
MX_GPIO_Init            0x08000c45  0x142  Code  Gb  gpio.o [1]
MX_RTC_Init             0x08000e59   0x2c  Code  Gb  rtc.o [1]
MX_TIM1_Init            0x08000755   0xb4  Code  Gb  tim.o [1]
MX_USART3_UART_Init     0x08000dd1   0x34  Code  Gb  usart.o [1]
NVIC_SetPriority        0x08000b49   0x1a  Code  Lc  stm32f3xx_hal_cortex.o [1]
PendSV_Handler          0x08001c2d         Code  Gb  portasm.o [1]
RTC_EnterInitMode       0x08001a49   0x34  Code  Gb  stm32f3xx_hal_rtc.o [1]
Region$$Table$$Base     0x08001e34          --   Gb  - Linker created -
Region$$Table$$Limit    0x08001e58          --   Gb  - Linker created -
SVC_Handler             0x08001c85         Code  Gb  portasm.o [1]
SysTick_Handler         0x08001e9d    0xe  Code  Gb  stm32f3xx_it.o [1]
SystemClock_Config      0x080008b3   0x90  Code  Gb  main.o [1]
SystemCoreClock         0x20000000    0x4  Data  Gb  system_stm32f3xx.o [1]
SystemInit              0x08001cd5   0x52  Code  Gb  system_stm32f3xx.o [1]
TIM1_CC_IRQHandler      0x08001eab    0x6  Code  Gb  stm32f3xx_it.o [1]
TIM_Base_SetConfig      0x08000549   0x88  Code  Gb  stm32f3xx_hal_tim.o [1]
TIM_ETR_SetConfig       0x0800073f   0x14  Code  Gb  stm32f3xx_hal_tim.o [1]
TIM_ITRx_SetConfig      0x0800072f   0x10  Code  Lc  stm32f3xx_hal_tim.o [1]
TIM_SlaveTimer_SetConfig
                        0x080005d5   0x5a  Code  Lc  stm32f3xx_hal_tim.o [1]
TIM_TI1_ConfigInputStage
                        0x080006b5   0x22  Code  Lc  stm32f3xx_hal_tim.o [1]
TIM_TI1_SetConfig       0x0800062f   0x5a  Code  Gb  stm32f3xx_hal_tim.o [1]
TIM_TI2_ConfigInputStage
                        0x0800070b   0x24  Code  Lc  stm32f3xx_hal_tim.o [1]
TIM_TI2_SetConfig       0x080006d7   0x34  Code  Lc  stm32f3xx_hal_tim.o [1]
UART_AdvFeatureConfig   0x08001801   0xc6  Code  Gb  stm32f3xx_hal_uart.o [1]
UART_CheckIdleState     0x080018c7   0x46  Code  Gb  stm32f3xx_hal_uart.o [1]
UART_SetConfig          0x08001639  0x1ac  Code  Gb  stm32f3xx_hal_uart.o [1]
UART_WaitOnFlagUntilTimeout
                        0x08001919   0x90  Code  Gb  stm32f3xx_hal_uart.o [1]
__cmain                 0x08001e59         Code  Gb  cmain.o [5]
__exit                  0x08001e89   0x14  Code  Gb  exit.o [6]
__iar_copy_init3        0x08001dbd   0x2c  Code  Gb  copy_init3.o [5]
__iar_data_init3        0x08001de9   0x28  Code  Gb  data_init.o [5]
__iar_init_vfp          0x08001e11         Code  Gb  fpinit_M.o [4]
__iar_program_start     0x08001ee9         Code  Gb  cstartup_M.o [5]
__iar_zero_init3        0x08001d51   0x40  Code  Gb  zero_init3.o [5]
__low_level_init        0x08001e73    0x4  Code  Gb  low_level_init.o [3]
__vector_table          0x08000000         Data  Gb  startup_stm32f303xc.o [1]
_call_main              0x08001e65         Code  Gb  cmain.o [5]
_exit                   0x08001e7d         Code  Gb  cexit.o [5]
_main                   0x08001e6f         Code  Gb  cmain.o [5]
aPLLMULFactorTable      0x08001340   0x10  Data  Gb  stm32f3xx_hal_rcc.o [1]
aPredivFactorTable      0x08001350   0x10  Data  Gb  stm32f3xx_hal_rcc.o [1]
exit                    0x08001e77    0x4  Code  Gb  exit.o [3]
hrtc                    0x200005dc   0x20  Data  Gb  rtc.o [1]
htim1                   0x200005a0   0x3c  Data  Gb  tim.o [1]
huart3                  0x20000530   0x70  Data  Gb  usart.o [1]
main                    0x08000879   0x3a  Code  Gb  main.o [1]
osSystickHandler        0x08001ec5   0x14  Code  Gb  cmsis_os.o [1]
prvResetNextTaskUnblockTime
                        0x08001bad   0x1a  Code  Lc  tasks.o [1]
pxCurrentTCB            0x20000430    0x4  Data  Gb  tasks.o [1]
pxDelayedTaskList       0x20000434    0x4  Data  Lc  tasks.o [1]
pxOverflowDelayedTaskList
                        0x20000438    0x4  Data  Lc  tasks.o [1]
pxReadyTasksLists       0x200004a4   0x8c  Data  Lc  tasks.o [1]
uwTick                  0x200005fc    0x4  Data  Gb  stm32f3xx_hal.o [1]
uxCurrentNumberOfTasks  0x20000454    0x4  Data  Lc  tasks.o [1]
uxListRemove            0x08001c09   0x24  Code  Gb  list.o [1]
uxPendedTicks           0x20000464    0x4  Data  Lc  tasks.o [1]
uxSchedulerSuspended    0x20000478    0x4  Data  Lc  tasks.o [1]
uxTaskNumber            0x20000470    0x4  Data  Lc  tasks.o [1]
uxTasksDeleted          0x2000043c    0x4  Data  Lc  tasks.o [1]
uxTopReadyPriority      0x2000045c    0x4  Data  Lc  tasks.o [1]
vListInsertEnd          0x08001bf1   0x18  Code  Gb  list.o [1]
vPortEnableVFP          0x08001cb9         Code  Gb  portasm.o [1]
vPortStartFirstTask     0x08001ca1         Code  Gb  portasm.o [1]
vTaskSwitchContext      0x08001b5b   0x52  Code  Gb  tasks.o [1]
xDelayedTaskList1       0x2000047c   0x14  Data  Lc  tasks.o [1]
xDelayedTaskList2       0x20000490   0x14  Data  Lc  tasks.o [1]
xNextTaskUnblockTime    0x20000474    0x4  Data  Lc  tasks.o [1]
xNumOfOverflows         0x2000046c    0x4  Data  Lc  tasks.o [1]
xPendingReadyList       0x20000408   0x14  Data  Lc  tasks.o [1]
xPortSysTickHandler     0x08001d91   0x26  Code  Gb  port.o [1]
xSchedulerRunning       0x20000460    0x4  Data  Lc  tasks.o [1]
xSuspendedTaskList      0x20000440   0x14  Data  Lc  tasks.o [1]
xTaskGetSchedulerState  0x08001bc7   0x16  Code  Gb  tasks.o [1]
xTaskIncrementTick      0x08001a9d   0xbe  Code  Gb  tasks.o [1]
xTasksWaitingTermination
                        0x2000041c   0x14  Data  Lc  tasks.o [1]
xTickCount              0x20000458    0x4  Data  Lc  tasks.o [1]
xYieldPending           0x20000468    0x4  Data  Lc  tasks.o [1]


[1] = D:\Skolarbeten\Inbyggda System\Projekt\KULUR\EWARM\KULUR\Obj
[2] = command line
[3] = dl7M_tlf.a
[4] = m7M_tls.a
[5] = rt7M_tl.a
[6] = shb_l.a

  8 170 bytes of readonly  code memory
     50 bytes of readonly  data memory
  1 532 bytes of readwrite data memory

Errors: none
Warnings: none
