###############################################################################
#
# IAR ELF Linker V7.80.3.12102/W32 for ARM                01/Mar/2017  12:28:35
# Copyright 2007-2016 IAR Systems AB.
#
#    Output file  =  
#        D:\Skolarbeten\Inbyggda System\Projekt\KULUR\Test\Debug\Exe\test.out
#    Map file     =  
#        D:\Skolarbeten\Inbyggda System\Projekt\KULUR\Test\Debug\List\test.map
#    Command line =  
#        "D:\Skolarbeten\Inbyggda
#        System\Projekt\KULUR\Test\Debug\Obj\cmsis_os.o"
#        "D:\Skolarbeten\Inbyggda System\Projekt\KULUR\Test\Debug\Obj\crc.o"
#        "D:\Skolarbeten\Inbyggda
#        System\Projekt\KULUR\Test\Debug\Obj\croutine.o"
#        "D:\Skolarbeten\Inbyggda
#        System\Projekt\KULUR\Test\Debug\Obj\event_groups.o"
#        "D:\Skolarbeten\Inbyggda
#        System\Projekt\KULUR\Test\Debug\Obj\freertos.o"
#        "D:\Skolarbeten\Inbyggda System\Projekt\KULUR\Test\Debug\Obj\gpio.o"
#        "D:\Skolarbeten\Inbyggda System\Projekt\KULUR\Test\Debug\Obj\heap_4.o"
#        "D:\Skolarbeten\Inbyggda
#        System\Projekt\KULUR\Test\Debug\Obj\kulur_functions.o"
#        "D:\Skolarbeten\Inbyggda System\Projekt\KULUR\Test\Debug\Obj\list.o"
#        "D:\Skolarbeten\Inbyggda System\Projekt\KULUR\Test\Debug\Obj\main.o"
#        "D:\Skolarbeten\Inbyggda System\Projekt\KULUR\Test\Debug\Obj\port.o"
#        "D:\Skolarbeten\Inbyggda
#        System\Projekt\KULUR\Test\Debug\Obj\portasm.o"
#        "D:\Skolarbeten\Inbyggda System\Projekt\KULUR\Test\Debug\Obj\queue.o"
#        "D:\Skolarbeten\Inbyggda System\Projekt\KULUR\Test\Debug\Obj\rtc.o"
#        "D:\Skolarbeten\Inbyggda
#        System\Projekt\KULUR\Test\Debug\Obj\startup_stm32f303xc.o"
#        "D:\Skolarbeten\Inbyggda
#        System\Projekt\KULUR\Test\Debug\Obj\stm32f3_discovery.o"
#        "D:\Skolarbeten\Inbyggda
#        System\Projekt\KULUR\Test\Debug\Obj\stm32f3xx_hal.o"
#        "D:\Skolarbeten\Inbyggda
#        System\Projekt\KULUR\Test\Debug\Obj\stm32f3xx_hal_cortex.o"
#        "D:\Skolarbeten\Inbyggda
#        System\Projekt\KULUR\Test\Debug\Obj\stm32f3xx_hal_crc.o"
#        "D:\Skolarbeten\Inbyggda
#        System\Projekt\KULUR\Test\Debug\Obj\stm32f3xx_hal_crc_ex.o"
#        "D:\Skolarbeten\Inbyggda
#        System\Projekt\KULUR\Test\Debug\Obj\stm32f3xx_hal_dma.o"
#        "D:\Skolarbeten\Inbyggda
#        System\Projekt\KULUR\Test\Debug\Obj\stm32f3xx_hal_flash.o"
#        "D:\Skolarbeten\Inbyggda
#        System\Projekt\KULUR\Test\Debug\Obj\stm32f3xx_hal_flash_ex.o"
#        "D:\Skolarbeten\Inbyggda
#        System\Projekt\KULUR\Test\Debug\Obj\stm32f3xx_hal_gpio.o"
#        "D:\Skolarbeten\Inbyggda
#        System\Projekt\KULUR\Test\Debug\Obj\stm32f3xx_hal_i2c.o"
#        "D:\Skolarbeten\Inbyggda
#        System\Projekt\KULUR\Test\Debug\Obj\stm32f3xx_hal_i2c_ex.o"
#        "D:\Skolarbeten\Inbyggda
#        System\Projekt\KULUR\Test\Debug\Obj\stm32f3xx_hal_msp.o"
#        "D:\Skolarbeten\Inbyggda
#        System\Projekt\KULUR\Test\Debug\Obj\stm32f3xx_hal_pwr.o"
#        "D:\Skolarbeten\Inbyggda
#        System\Projekt\KULUR\Test\Debug\Obj\stm32f3xx_hal_pwr_ex.o"
#        "D:\Skolarbeten\Inbyggda
#        System\Projekt\KULUR\Test\Debug\Obj\stm32f3xx_hal_rcc.o"
#        "D:\Skolarbeten\Inbyggda
#        System\Projekt\KULUR\Test\Debug\Obj\stm32f3xx_hal_rcc_ex.o"
#        "D:\Skolarbeten\Inbyggda
#        System\Projekt\KULUR\Test\Debug\Obj\stm32f3xx_hal_rtc.o"
#        "D:\Skolarbeten\Inbyggda
#        System\Projekt\KULUR\Test\Debug\Obj\stm32f3xx_hal_rtc_ex.o"
#        "D:\Skolarbeten\Inbyggda
#        System\Projekt\KULUR\Test\Debug\Obj\stm32f3xx_hal_tim.o"
#        "D:\Skolarbeten\Inbyggda
#        System\Projekt\KULUR\Test\Debug\Obj\stm32f3xx_hal_tim_ex.o"
#        "D:\Skolarbeten\Inbyggda
#        System\Projekt\KULUR\Test\Debug\Obj\stm32f3xx_hal_uart.o"
#        "D:\Skolarbeten\Inbyggda
#        System\Projekt\KULUR\Test\Debug\Obj\stm32f3xx_hal_uart_ex.o"
#        "D:\Skolarbeten\Inbyggda
#        System\Projekt\KULUR\Test\Debug\Obj\stm32f3xx_it.o"
#        "D:\Skolarbeten\Inbyggda
#        System\Projekt\KULUR\Test\Debug\Obj\system_stm32f3xx.o"
#        "D:\Skolarbeten\Inbyggda System\Projekt\KULUR\Test\Debug\Obj\tasks.o"
#        "D:\Skolarbeten\Inbyggda System\Projekt\KULUR\Test\Debug\Obj\tim.o"
#        "D:\Skolarbeten\Inbyggda System\Projekt\KULUR\Test\Debug\Obj\timers.o"
#        "D:\Skolarbeten\Inbyggda System\Projekt\KULUR\Test\Debug\Obj\usart.o"
#        -o "D:\Skolarbeten\Inbyggda
#        System\Projekt\KULUR\Test\Debug\Exe\test.out" --redirect
#        _Printf=_PrintfFull --redirect _Scanf=_ScanfFull --map
#        "D:\Skolarbeten\Inbyggda
#        System\Projekt\KULUR\Test\Debug\List\test.map" --config
#        "D:\Skolarbeten\Inbyggda
#        System\Projekt\KULUR\EWARM\stm32f303xc_flash.icf" --semihosting
#        --entry __iar_program_start --vfe
#
###############################################################################

*******************************************************************************
*** RUNTIME MODEL ATTRIBUTES
***

CppFlavor                     = *
__Heap_Handler                = Basic
__SystemLibrary               = DLib
__dlib_dynamic_initialization = normal


*******************************************************************************
*** PLACEMENT SUMMARY
***

"A0":  place at 0x08000000 { ro section .intvec };
"P1":  place in [from 0x08000000 to 0x0803ffff] { ro };
"P2":  place in [from 0x20000000 to 0x20009fff] { rw, block CSTACK, block HEAP };
initialize by copy { rw };

  Section             Kind        Address    Size  Object
  -------             ----        -------    ----  ------
"A0":                                       0x188
  .intvec             ro code  0x08000000   0x188  startup_stm32f303xc.o [1]
                             - 0x08000188   0x188

"P1":                                      0x5622
  .text               ro code  0x08000188  0x119a  xprintffull.o [3]
  .text               ro code  0x08001322    0x20  xmbtowc.o [3]
  .text               ro code  0x08001344    0x16  strchr.o [5]
  .text               ro code  0x0800135c    0x36  strlen.o [5]
  .text               ro code  0x08001394    0x58  memchr.o [5]
  .text               ro code  0x080013ec     0xa  xmbcurmax.o [3]
  .text               ro code  0x080013f8    0xb0  xxmemxmalloc.o [3]
  .text               ro code  0x080014a8    0x1a  xwctomb.o [3]
  .text               ro code  0x080014c4    0x76  ABImemcpy_unaligned.o [5]
  .text               ro code  0x0800153c    0x80  xxmemxfree.o [3]
  .text               ro code  0x080015bc    0xee  I64DivMod.o [5]
  .text               ro code  0x080016aa    0x44  xdnorm.o [4]
  .text               ro code  0x080016f0    0x2e  DblCmpLe.o [4]
  .text               ro code  0x08001720    0x2e  DblCmpGe.o [4]
  .text               ro code  0x08001750   0x114  xdscale.o [4]
  .text               ro code  0x08001864    0x58  DblToI32.o [4]
  .text               ro code  0x080018bc    0x30  I32ToDbl.o [4]
  .text               ro code  0x080018ec   0x180  DblSub.o [4]
  .text               ro code  0x08001a6c   0x1a2  DblMul.o [4]
  .text               ro code  0x08001c10   0x256  DblDiv.o [4]
  .text               ro code  0x08001e68    0x6c  localeconv.o [3]
  .text               ro code  0x08001ed4     0xe  div.o [3]
  .text               ro code  0x08001ee4    0x14  setlocale.o [3]
  .text               ro code  0x08001ef8    0x60  xencoding_sb.o [3]
  .text               ro code  0x08001f58    0x2c  xgetmemchunk.o [3]
  .text               ro code  0x08001f84     0x2  I64DivZer.o [5]
  .text               ro code  0x08001f88    0xd4  DblAdd.o [4]
  .text               ro code  0x0800205c     0x2  xtls.o [3]
  .text               ro code  0x08002060   0xa64  stm32f3xx_hal_rcc.o [1]
  .text               ro code  0x08002ac4     0xc  stm32f3xx_hal.o [1]
  .text               ro code  0x08002ad0    0x28  stm32f3xx_hal.o [1]
  .text               ro code  0x08002af8   0x124  stm32f3xx_hal_cortex.o [1]
  .text               ro code  0x08002c1c   0x948  kulur_functions.o [1]
  .text               ro code  0x08003564    0xb0  rtc.o [1]
  .text               ro code  0x08003614   0x1ec  stm32f3xx_hal_gpio.o [1]
  .text               ro code  0x08003800    0x18  stm32f3xx_hal.o [1]
  .text               ro code  0x08003818     0x6  ABImemclr4.o [5]
  .text               ro code  0x08003820   0x1be  stm32f3xx_hal_crc.o [1]
  .text               ro code  0x080039e0   0x1b2  stm32f3xx_hal_rtc.o [1]
  .text               ro code  0x08003b94   0x124  main.o [1]
  .text               ro code  0x08003cb8    0x32  ABImemset48.o [5]
  .text               ro code  0x08003cec    0x7c  crc.o [1]
  .text               ro code  0x08003d68    0x5e  stm32f3xx_hal_crc_ex.o [1]
  .text               ro code  0x08003dc8    0x28  stm32f3xx_hal.o [1]
  .text               ro code  0x08003df0   0x1c0  gpio.o [1]
  .text               ro code  0x08003fb0    0x24  printf.o [3]
  .text               ro code  0x08003fd4   0x2c8  stm32f3xx_hal_rcc_ex.o [1]
  .text               ro code  0x0800429c    0x7c  stm32f3xx_hal_msp.o [1]
  .text               ro code  0x08004318   0x2c4  stm32f3xx_hal_tim.o [1]
  .text               ro code  0x080045dc   0x1f0  tim.o [1]
  .text               ro code  0x080047cc     0x2  stm32f3xx_hal_tim.o [1]
  .text               ro code  0x080047ce     0x2  stm32f3xx_hal_tim.o [1]
  .text               ro code  0x080047d0     0x2  stm32f3xx_hal_tim.o [1]
  .text               ro code  0x080047d2     0x2  stm32f3xx_hal_tim_ex.o [1]
  .text               ro code  0x080047d4     0x2  stm32f3xx_hal_tim.o [1]
  .text               ro code  0x080047d6     0x2  stm32f3xx_hal_tim_ex.o [1]
  .text               ro code  0x080047d8   0x21e  stm32f3xx_hal_uart.o [1]
  .text               ro code  0x080049f6     0x2  stm32f3xx_hal_uart_ex.o [1]
  .text               ro code  0x080049f8     0x2  stm32f3xx_hal_uart.o [1]
  .text               ro code  0x080049fc   0x208  tasks.o [1]
  .text               ro code  0x08004c04    0x3e  list.o [1]
  .text               ro code  0x08004c42    0xd6  xfspos.o [3]
  .text               ro code  0x08004d18    0xb0  fflush.o [3]
  .text               ro code  0x08004dc8     0xc  xfgpos.o [3]
  .text               ro code  0x08004dd4    0x4c  lseek.o [6]
  .text               ro code  0x08004e20     0xc  errno.o [3]
  .text               ro code  0x08004e2c     0x4  xsyslock_nop.o [3]
  .text               ro code  0x08004e30    0x10  write.o [6]
  .text               ro code  0x08004e40    0xcc  XShHandles.o [3]
  .text               ro code  0x08004f0c    0x1e  dwrite.o [6]
  .text               ro code  0x08004f2a    0x20  iarwstd.o [6]
  .text               ro code  0x08004f4a    0x22  iarwrite.o [6]
  .text               ro code  0x08004f6c    0x6c  iarttio.o [6]
  .text               ro code  0x08004fd8     0x8  XShttio.o [3]
  .text               ro code  0x08004fe0    0xb8  xfwprep.o [3]
  .text               ro code  0x08005098    0x22  fseek.o [3]
  CODE                ro code  0x080050bc    0xa8  portasm.o [1]
  .text               ro code  0x08005164    0x98  system_stm32f3xx.o [1]
  .text               ro code  0x080051fc    0x80  xfofind.o [3]
  .text               ro code  0x0800527c    0x7a  fclose.o [3]
  .text               ro code  0x080052f6    0x1a  close.o [6]
  .text               ro code  0x08005310    0x16  remove.o [6]
  .text               ro code  0x08005328    0x58  xcloseall.o [3]
  .text               ro code  0x08005380    0x56  fputc.o [3]
  .text               ro code  0x080053d6    0x40  zero_init3.o [5]
  .text               ro code  0x08005416    0x38  packbits_init_single.o [5]
  .text               ro code  0x08005450    0x34  port.o [1]
  .text               ro code  0x08005484    0x28  stm32f3xx_it.o [1]
  .text               ro code  0x080054ac    0x10  stm32f3xx_hal.o [1]
  .text               ro code  0x080054bc    0x10  cmsis_os.o [1]
  .text               ro code  0x080054cc    0x28  data_init.o [5]
  .text               ro code  0x080054f4    0x22  fpinit_M.o [4]
  .iar.init_table     const    0x08005518    0x20  - Linker created -
  .text               ro code  0x08005538    0x1a  cmain.o [5]
  .text               ro code  0x08005552     0x4  low_level_init.o [3]
  .text               ro code  0x08005556     0x4  exit.o [3]
  .text               ro code  0x0800555c     0xe  cexit.o [5]
  .text               ro code  0x0800556c    0x14  exit.o [6]
  .text               ro code  0x08005580    0x16  xprout.o [3]
  .text               ro code  0x08005598     0xc  putchar.o [3]
  .rodata             const    0x080055a4    0x10  main.o [1]
  .rodata             const    0x080055b4    0x10  stm32f3xx_hal_rcc.o [1]
  .rodata             const    0x080055c4    0x10  stm32f3xx_hal_rcc.o [1]
  .rodata             const    0x080055d4    0x10  system_stm32f3xx.o [1]
  .text               ro code  0x080055e4    0x10  startup_stm32f303xc.o [1]
  .text               ro code  0x080055f4     0xc  cstartup_M.o [5]
  .rodata             const    0x08005600     0x8  main.o [1]
  .text               ro code  0x08005608     0x4  startup_stm32f303xc.o [1]
  .text               ro code  0x0800560c     0x4  startup_stm32f303xc.o [1]
  .text               ro code  0x08005610     0x4  startup_stm32f303xc.o [1]
  .text               ro code  0x08005614     0x4  startup_stm32f303xc.o [1]
  .text               ro code  0x08005618     0x4  startup_stm32f303xc.o [1]
  .text               ro code  0x0800561c     0x4  startup_stm32f303xc.o [1]
  .text               ro code  0x08005620     0x4  startup_stm32f303xc.o [1]
  .text               ro code  0x08005624     0x4  startup_stm32f303xc.o [1]
  .text               ro code  0x08005628     0x4  startup_stm32f303xc.o [1]
  .text               ro code  0x0800562c     0x4  startup_stm32f303xc.o [1]
  .text               ro code  0x08005630     0x4  startup_stm32f303xc.o [1]
  .text               ro code  0x08005634     0x4  startup_stm32f303xc.o [1]
  .text               ro code  0x08005638     0x4  startup_stm32f303xc.o [1]
  .text               ro code  0x0800563c     0x4  startup_stm32f303xc.o [1]
  .text               ro code  0x08005640     0x4  startup_stm32f303xc.o [1]
  .text               ro code  0x08005644     0x4  startup_stm32f303xc.o [1]
  .text               ro code  0x08005648     0x4  startup_stm32f303xc.o [1]
  .text               ro code  0x0800564c     0x4  startup_stm32f303xc.o [1]
  .text               ro code  0x08005650     0x4  startup_stm32f303xc.o [1]
  .text               ro code  0x08005654     0x4  startup_stm32f303xc.o [1]
  .text               ro code  0x08005658     0x4  startup_stm32f303xc.o [1]
  .text               ro code  0x0800565c     0x4  startup_stm32f303xc.o [1]
  .text               ro code  0x08005660     0x4  startup_stm32f303xc.o [1]
  .text               ro code  0x08005664     0x4  startup_stm32f303xc.o [1]
  .text               ro code  0x08005668     0x4  startup_stm32f303xc.o [1]
  .text               ro code  0x0800566c     0x4  startup_stm32f303xc.o [1]
  .text               ro code  0x08005670     0x4  startup_stm32f303xc.o [1]
  .text               ro code  0x08005674     0x4  startup_stm32f303xc.o [1]
  .text               ro code  0x08005678     0x4  startup_stm32f303xc.o [1]
  .text               ro code  0x0800567c     0x4  startup_stm32f303xc.o [1]
  .text               ro code  0x08005680     0x4  startup_stm32f303xc.o [1]
  .text               ro code  0x08005684     0x4  startup_stm32f303xc.o [1]
  .text               ro code  0x08005688     0x4  startup_stm32f303xc.o [1]
  .text               ro code  0x0800568c     0x4  startup_stm32f303xc.o [1]
  .text               ro code  0x08005690     0x4  startup_stm32f303xc.o [1]
  .text               ro code  0x08005694     0x4  startup_stm32f303xc.o [1]
  .text               ro code  0x08005698     0x4  startup_stm32f303xc.o [1]
  .text               ro code  0x0800569c     0x4  startup_stm32f303xc.o [1]
  .text               ro code  0x080056a0     0x4  startup_stm32f303xc.o [1]
  .text               ro code  0x080056a4     0x4  startup_stm32f303xc.o [1]
  .text               ro code  0x080056a8     0x4  startup_stm32f303xc.o [1]
  .text               ro code  0x080056ac     0x4  startup_stm32f303xc.o [1]
  .text               ro code  0x080056b0     0x4  startup_stm32f303xc.o [1]
  .text               ro code  0x080056b4     0x4  startup_stm32f303xc.o [1]
  .text               ro code  0x080056b8     0x4  startup_stm32f303xc.o [1]
  .text               ro code  0x080056bc     0x4  startup_stm32f303xc.o [1]
  .text               ro code  0x080056c0     0x4  startup_stm32f303xc.o [1]
  .text               ro code  0x080056c4     0x4  startup_stm32f303xc.o [1]
  .text               ro code  0x080056c8     0x4  startup_stm32f303xc.o [1]
  .text               ro code  0x080056cc     0x4  startup_stm32f303xc.o [1]
  .text               ro code  0x080056d0     0x4  startup_stm32f303xc.o [1]
  .text               ro code  0x080056d4     0x4  startup_stm32f303xc.o [1]
  .text               ro code  0x080056d8     0x4  startup_stm32f303xc.o [1]
  .text               ro code  0x080056dc     0x4  startup_stm32f303xc.o [1]
  .text               ro code  0x080056e0     0x4  startup_stm32f303xc.o [1]
  .text               ro code  0x080056e4     0x4  startup_stm32f303xc.o [1]
  .text               ro code  0x080056e8     0x4  startup_stm32f303xc.o [1]
  .text               ro code  0x080056ec     0x4  startup_stm32f303xc.o [1]
  .text               ro code  0x080056f0     0x4  startup_stm32f303xc.o [1]
  .text               ro code  0x080056f4     0x4  startup_stm32f303xc.o [1]
  .text               ro code  0x080056f8     0x4  startup_stm32f303xc.o [1]
  .text               ro code  0x080056fc     0x4  startup_stm32f303xc.o [1]
  .text               ro code  0x08005700     0x4  startup_stm32f303xc.o [1]
  .text               ro code  0x08005704     0x4  startup_stm32f303xc.o [1]
  .text               ro code  0x08005708     0x4  startup_stm32f303xc.o [1]
  .text               ro code  0x0800570c     0x4  startup_stm32f303xc.o [1]
  .text               ro code  0x08005710     0x4  startup_stm32f303xc.o [1]
  .text               ro code  0x08005714     0x4  startup_stm32f303xc.o [1]
  .text               ro code  0x08005718     0x4  startup_stm32f303xc.o [1]
  .text               ro code  0x0800571c     0x4  startup_stm32f303xc.o [1]
  .text               ro code  0x08005720     0x0  cstart_closeall.o [5]
  .rodata             const    0x08005720     0x0  zero_init3.o [5]
  .rodata             const    0x08005720     0x0  packbits_init_single.o [5]
  Initializer bytes   const    0x08005720    0x8a  <for P2-1>
                             - 0x080057aa  0x5622

"P2", part 1 of 3:                          0x1ec
  P2-1                         0x20000000   0x1ec  <Init block>
    .data             inited   0x20000000     0x4  system_stm32f3xx.o [1]
    .data             inited   0x20000004    0x40  xfiles.o [3]
    .data             inited   0x20000044    0x40  xfiles.o [3]
    .data             inited   0x20000084    0x40  xfiles.o [3]
    .data             inited   0x200000c4    0x20  xfiles.o [3]
    .data             inited   0x200000e4     0x8  XShttio.o [3]
    __DLIB_PERTHREAD  inited   0x200000ec    0x88  localeconv.o [3]
    __DLIB_PERTHREAD  inited   0x20000174    0x74  setlocale.o [3]
    __DLIB_PERTHREAD  inited   0x200001e8     0x4  errno.o [3]
                             - 0x200001ec   0x1ec

"P2", part 2 of 3:                          0x600
  CSTACK                       0x200001f0   0x400  <Block>
    CSTACK            uninit   0x200001f0   0x400  <Block tail>
  HEAP                         0x200005f0   0x200  <Block>
    HEAP              uninit   0x200005f0   0x200  <Block tail>
                             - 0x200007f0   0x600

"P2", part 3 of 3:                          0x7a4
  .bss                zero     0x200007f0   0x4b0  tim.o [1]
  .bss                zero     0x20000ca0    0x8c  tasks.o [1]
  .bss                zero     0x20000d2c    0x80  XShHandles.o [3]
  .bss                zero     0x20000dac    0x70  usart.o [1]
  .bss                zero     0x20000e1c    0x50  xfiles.o [3]
  .bss                zero     0x20000e6c    0x50  xfiles.o [3]
  .bss                zero     0x20000ebc    0x3c  tim.o [1]
  .bss                zero     0x20000ef8    0x24  crc.o [1]
  .bss                zero     0x20000f1c    0x20  rtc.o [1]
  .bss                zero     0x20000f3c     0x8  kulur_functions.o [1]
  .bss                zero     0x20000f44     0x8  xxmemxmalloc.o [3]
  .bss                zero     0x20000f4c     0x4  kulur_functions.o [1]
  .bss                zero     0x20000f50     0x4  main.o [1]
  .bss                zero     0x20000f54     0x4  stm32f3xx_hal.o [1]
  .bss                zero     0x20000f58     0x4  tasks.o [1]
  .bss                zero     0x20000f5c     0x4  tasks.o [1]
  .bss                zero     0x20000f60     0x4  tasks.o [1]
  .bss                zero     0x20000f64     0x4  tasks.o [1]
  .bss                zero     0x20000f68     0x4  tasks.o [1]
  .bss                zero     0x20000f6c     0x4  tasks.o [1]
  .bss                zero     0x20000f70     0x4  tasks.o [1]
  .bss                zero     0x20000f74     0x4  tasks.o [1]
  .bss                zero     0x20000f78     0x4  tasks.o [1]
  .bss                zero     0x20000f7c     0x4  tasks.o [1]
  .bss                zero     0x20000f80     0x4  tasks.o [1]
  .bss                zero     0x20000f84     0x4  tim.o [1]
  .bss                zero     0x20000f88     0x4  xgetmemchunk.o [3]
  .bss                zero     0x20000f8c     0x2  tim.o [1]
  .bss                zero     0x20000f8e     0x1  rtc.o [1]
  .bss                zero     0x20000f8f     0x1  tim.o [1]
  .bss                zero     0x20000f90     0x1  tim.o [1]
  .bss                zero     0x20000f91     0x1  tim.o [1]
                             - 0x20000f92   0x7a2


*******************************************************************************
*** INIT TABLE
***

          Address     Size
          -------     ----
Zero (__iar_zero_init3)
    1 destination range, total size 0x7a2:
          0x200007f0  0x7a2

Copy/packbits (__iar_packbits_init_single3)
    1 source range, total size 0x8a (28% of destination):
          0x08005720   0x8a
    1 destination range, total size 0x1ec:
          0x20000000  0x1ec



*******************************************************************************
*** MODULE SUMMARY
***

    Module                   ro code  ro data  rw data
    ------                   -------  -------  -------
D:\Skolarbeten\Inbyggda System\Projekt\KULUR\Test\Debug\Obj: [1]
    cmsis_os.o                    16
    crc.o                        124                36
    gpio.o                       448
    kulur_functions.o          2 376                12
    list.o                        62
    main.o                       292       24        4
    port.o                        52
    portasm.o                    168
    rtc.o                        176                33
    startup_stm32f303xc.o        688
    stm32f3xx_hal.o              132                 4
    stm32f3xx_hal_cortex.o       292
    stm32f3xx_hal_crc.o          446
    stm32f3xx_hal_crc_ex.o        94
    stm32f3xx_hal_gpio.o         492
    stm32f3xx_hal_msp.o          124
    stm32f3xx_hal_rcc.o        2 660       32
    stm32f3xx_hal_rcc_ex.o       712
    stm32f3xx_hal_rtc.o          434
    stm32f3xx_hal_tim.o          716
    stm32f3xx_hal_tim_ex.o         4
    stm32f3xx_hal_uart.o         544
    stm32f3xx_hal_uart_ex.o        2
    stm32f3xx_it.o                40
    system_stm32f3xx.o           152       17        4
    tasks.o                      520               184
    tim.o                        496             1 269
    usart.o                                        112
    --------------------------------------------------
    Total:                    12 262       73    1 658

command line: [2]
    --------------------------------------------------
    Total:

dl7M_tlf.a: [3]
    XShHandles.o                 204               128
    XShttio.o                      8        3        8
    div.o                         14
    errno.o                       12        2        4
    exit.o                         4
    fclose.o                     122
    fflush.o                     176
    fputc.o                       86
    fseek.o                       34
    localeconv.o                 108       38      136
    low_level_init.o               4
    printf.o                      36
    putchar.o                     12
    setlocale.o                   20       32      116
    xcloseall.o                   88
    xencoding_sb.o                96
    xfgpos.o                      12
    xfiles.o                               62      384
    xfofind.o                    128
    xfspos.o                     214
    xfwprep.o                    184
    xgetmemchunk.o                44                 4
    xmbcurmax.o                   10
    xmbtowc.o                     32
    xprintffull.o              4 506
    xprout.o                      22
    xsyslock_nop.o                 4
    xtls.o                         2
    xwctomb.o                     26
    xxmemxfree.o                 128
    xxmemxmalloc.o               176                 8
    --------------------------------------------------
    Total:                     6 512      137      788

m7M_tls.a: [4]
    DblAdd.o                     212
    DblCmpGe.o                    46
    DblCmpLe.o                    46
    DblDiv.o                     598
    DblMul.o                     418
    DblSub.o                     384
    DblToI32.o                    88
    I32ToDbl.o                    48
    fpinit_M.o                    34
    xdnorm.o                      68
    xdscale.o                    276
    --------------------------------------------------
    Total:                     2 218

rt7M_tl.a: [5]
    ABImemclr4.o                   6
    ABImemcpy_unaligned.o        118
    ABImemset48.o                 50
    I64DivMod.o                  238
    I64DivZer.o                    2
    cexit.o                       14
    cmain.o                       26
    cstart_closeall.o
    cstartup_M.o                  12
    data_init.o                   40
    memchr.o                      88
    packbits_init_single.o        56
    strchr.o                      22
    strlen.o                      54
    zero_init3.o                  64
    --------------------------------------------------
    Total:                       790

shb_l.a: [6]
    close.o                       26
    dwrite.o                      30
    exit.o                        20
    iarttio.o                    108
    iarwrite.o                    34
    iarwstd.o                     32
    lseek.o                       76
    remove.o                      22
    write.o                       16
    --------------------------------------------------
    Total:                       364

    Gaps                          52        2
    Linker created                         32    1 536
------------------------------------------------------
    Grand Total:              22 198      244    3 982


*******************************************************************************
*** ENTRY LIST
***

Entry                      Address   Size  Type      Object
-----                      -------   ----  ----      ------
.iar.init_table$$Base   0x08005518          --   Gb  - Linker created -
.iar.init_table$$Limit  0x08005538          --   Gb  - Linker created -
?main                   0x08005539         Code  Gb  cmain.o [5]
AHBPrescTable           0x080055d4   0x10  Data  Gb  system_stm32f3xx.o [1]
CRC_Handle_16           0x080039a7   0x38  Code  Lc  stm32f3xx_hal_crc.o [1]
CRC_Handle_8            0x08003915   0x92  Code  Lc  stm32f3xx_hal_crc.o [1]
CSTACK$$Base            0x200001f0          --   Gb  - Linker created -
CSTACK$$Limit           0x200005f0          --   Gb  - Linker created -
Display_Seven_Seg       0x08002c1d  0x870  Code  Gb  kulur_functions.o [1]
Display_Seven_Seg::last_second
                        0x20000f4c    0x4  Data  Lc  kulur_functions.o [1]
Display_Seven_Seg::tempAndTimeValues
                        0x20000f3c    0x8  Data  Lc  kulur_functions.o [1]
Error_Handler           0x08003c9d    0xa  Code  Gb  main.o [1]
HAL_CRCEx_Polynomial_Set
                        0x08003d69   0x5e  Code  Gb  stm32f3xx_hal_crc_ex.o [1]
HAL_CRC_Calculate       0x080038ad   0x68  Code  Gb  stm32f3xx_hal_crc.o [1]
HAL_CRC_Init            0x08003821   0x88  Code  Gb  stm32f3xx_hal_crc.o [1]
HAL_CRC_MspInit         0x08003d35   0x26  Code  Gb  crc.o [1]
HAL_Delay               0x08003801   0x18  Code  Wk  stm32f3xx_hal.o [1]
HAL_GPIO_Init           0x08003615  0x1a8  Code  Gb  stm32f3xx_hal_gpio.o [1]
HAL_GPIO_TogglePin      0x080037cf    0xa  Code  Gb  stm32f3xx_hal_gpio.o [1]
HAL_GPIO_WritePin       0x080037bd   0x12  Code  Gb  stm32f3xx_hal_gpio.o [1]
HAL_GetTick             0x08002ac5    0xc  Code  Wk  stm32f3xx_hal.o [1]
HAL_IncTick             0x080054ad   0x10  Code  Wk  stm32f3xx_hal.o [1]
HAL_Init                0x08003dc9   0x22  Code  Gb  stm32f3xx_hal.o [1]
HAL_InitTick            0x08002ad1   0x28  Code  Wk  stm32f3xx_hal.o [1]
HAL_MspInit             0x0800429d   0x7c  Code  Gb  stm32f3xx_hal_msp.o [1]
HAL_NVIC_SetPriority    0x08002bb5   0x22  Code  Gb  stm32f3xx_hal_cortex.o [1]
HAL_NVIC_SetPriorityGrouping
                        0x08002bad    0x8  Code  Gb  stm32f3xx_hal_cortex.o [1]
HAL_RCCEx_PeriphCLKConfig
                        0x08003fd5  0x2a8  Code  Gb  stm32f3xx_hal_rcc_ex.o [1]
HAL_RCC_ClockConfig     0x080027dd  0x23c  Code  Gb  stm32f3xx_hal_rcc.o [1]
HAL_RCC_GetHCLKFreq     0x08002a7f    0x6  Code  Gb  stm32f3xx_hal_rcc.o [1]
HAL_RCC_GetSysClockFreq
                        0x08002a19   0x66  Code  Gb  stm32f3xx_hal_rcc.o [1]
HAL_RCC_OscConfig       0x08002061  0x77c  Code  Gb  stm32f3xx_hal_rcc.o [1]
HAL_RTC_GetDate         0x08003aeb   0x4a  Code  Gb  stm32f3xx_hal_rtc.o [1]
HAL_RTC_GetTime         0x08003a8d   0x5e  Code  Gb  stm32f3xx_hal_rtc.o [1]
HAL_RTC_Init            0x080039e1   0xac  Code  Gb  stm32f3xx_hal_rtc.o [1]
HAL_RTC_MspInit         0x080035a3   0x1c  Code  Gb  rtc.o [1]
HAL_SYSTICK_CLKSourceConfig
                        0x08002bdf   0x20  Code  Gb  stm32f3xx_hal_cortex.o [1]
HAL_SYSTICK_Config      0x08002bd7    0x8  Code  Gb  stm32f3xx_hal_cortex.o [1]
HAL_TIMEx_BreakCallback
                        0x080047d3    0x2  Code  Wk  stm32f3xx_hal_tim_ex.o [1]
HAL_TIMEx_CommutationCallback
                        0x080047d7    0x2  Code  Wk  stm32f3xx_hal_tim_ex.o [1]
HAL_TIM_IC_CaptureCallback
                        0x080045dd  0x1d2  Code  Gb  tim.o [1]
HAL_TIM_IC_CaptureCallback::bit_counter
                        0x20000f8c    0x2  Data  Lc  tim.o [1]
HAL_TIM_IC_CaptureCallback::buffer_array
                        0x200007f0  0x4b0  Data  Lc  tim.o [1]
HAL_TIM_IC_CaptureCallback::duty_in_microseconds
                        0x20000f84    0x4  Data  Lc  tim.o [1]
HAL_TIM_IC_CaptureCallback::preamble_counter
                        0x20000f8f    0x1  Data  Lc  tim.o [1]
HAL_TIM_IC_CaptureCallback::preamble_done
                        0x20000f91    0x1  Data  Lc  tim.o [1]
HAL_TIM_IC_CaptureCallback::preamble_flag
                        0x20000f90    0x1  Data  Lc  tim.o [1]
HAL_TIM_IC_Start_IT     0x08004319   0x68  Code  Gb  stm32f3xx_hal_tim.o [1]
HAL_TIM_IC_Stop_IT      0x08004381   0x80  Code  Gb  stm32f3xx_hal_tim.o [1]
HAL_TIM_IRQHandler      0x08004401  0x176  Code  Gb  stm32f3xx_hal_tim.o [1]
HAL_TIM_OC_DelayElapsedCallback
                        0x080047cd    0x2  Code  Wk  stm32f3xx_hal_tim.o [1]
HAL_TIM_PWM_PulseFinishedCallback
                        0x080047cf    0x2  Code  Wk  stm32f3xx_hal_tim.o [1]
HAL_TIM_PeriodElapsedCallback
                        0x080047d1    0x2  Code  Wk  stm32f3xx_hal_tim.o [1]
HAL_TIM_ReadCapturedValue
                        0x08004577   0x48  Code  Gb  stm32f3xx_hal_tim.o [1]
HAL_TIM_TriggerCallback
                        0x080047d5    0x2  Code  Wk  stm32f3xx_hal_tim.o [1]
HAL_UARTEx_WakeupCallback
                        0x080049f7    0x2  Code  Wk  stm32f3xx_hal_uart_ex.o [1]
HAL_UART_ErrorCallback  0x080049f9    0x2  Code  Wk  stm32f3xx_hal_uart.o [1]
HAL_UART_IRQHandler     0x080047d9  0x102  Code  Gb  stm32f3xx_hal_uart.o [1]
HAL_UART_RxCpltCallback
                        0x080035fb    0x8  Code  Gb  rtc.o [1]
HAL_UART_TxCpltCallback
                        0x080035f3    0x8  Code  Gb  rtc.o [1]
HEAP$$Base              0x200005f0          --   Gb  - Linker created -
HEAP$$Limit             0x200007f0          --   Gb  - Linker created -
LoadInt                 0x080007ff   0x6e  Code  Lc  xprintffull.o [3]
MX_CRC_Init             0x08003ced   0x48  Code  Gb  crc.o [1]
MX_GPIO_Init            0x08003df1  0x1c0  Code  Gb  gpio.o [1]
MX_RTC_Init             0x08003565   0x3e  Code  Gb  rtc.o [1]
NVIC_EncodePriority     0x08002b41   0x3e  Code  Lc  stm32f3xx_hal_cortex.o [1]
NVIC_GetPriorityGrouping
                        0x08002b15    0xa  Code  Lc  stm32f3xx_hal_cortex.o [1]
NVIC_SetPriority        0x08002b1f   0x22  Code  Lc  stm32f3xx_hal_cortex.o [1]
NVIC_SetPriorityGrouping
                        0x08002af9   0x1c  Code  Lc  stm32f3xx_hal_cortex.o [1]
PendSV_Handler          0x080050bd         Code  Gb  portasm.o [1]
RTC_Bcd2ToByte          0x08003b79   0x1a  Code  Gb  stm32f3xx_hal_rtc.o [1]
RTC_EnterInitMode       0x08003b41   0x38  Code  Gb  stm32f3xx_hal_rtc.o [1]
Region$$Table$$Base     0x08005518          --   Gb  - Linker created -
Region$$Table$$Limit    0x08005538          --   Gb  - Linker created -
SVC_Handler             0x08005115         Code  Gb  portasm.o [1]
Show_RTC_Time           0x080035bf   0x34  Code  Gb  rtc.o [1]
SysTick_Config          0x08002b7f   0x2e  Code  Lc  stm32f3xx_hal_cortex.o [1]
SysTick_Handler         0x0800548f    0xc  Code  Gb  stm32f3xx_it.o [1]
SystemClock_Config      0x08003bfd   0xa0  Code  Gb  main.o [1]
SystemCoreClock         0x20000000    0x4  Data  Gb  system_stm32f3xx.o [1]
SystemInit              0x08005165   0x70  Code  Gb  system_stm32f3xx.o [1]
TIM1_CC_IRQHandler      0x0800549b    0xa  Code  Gb  stm32f3xx_it.o [1]
TIM_CCxChannelCmd       0x080045bf   0x1e  Code  Gb  stm32f3xx_hal_tim.o [1]
UART_EndTransmit_IT     0x08004947   0x1c  Code  Gb  stm32f3xx_hal_uart.o [1]
UART_Receive_IT         0x08004963   0x94  Code  Gb  stm32f3xx_hal_uart.o [1]
UART_Transmit_IT        0x080048db   0x6c  Code  Gb  stm32f3xx_hal_uart.o [1]
USART3_IRQHandler       0x08005485    0xa  Code  Gb  stm32f3xx_it.o [1]
UartReady               0x20000f8e    0x1  Data  Gb  rtc.o [1]
_Close_all              0x08005329   0x58  Code  Gb  xcloseall.o [3]
_EncodingSb_Mbtowc      0x08001f13   0x30  Code  Gb  xencoding_sb.o [3]
_EncodingSb_Mbtowc::initial
                        0x08001f50    0x8  Data  Lc  xencoding_sb.o [3]
_EncodingSb_Wctomb      0x08001ef9   0x1a  Code  Gb  xencoding_sb.o [3]
_EncodingSb_Wctomb::initial
                        0x08001f48    0x8  Data  Lc  xencoding_sb.o [3]
_Files                  0x200000c4   0x20  Data  Gb  xfiles.o [3]
_Fofree                 0x080051fd   0x78  Code  Gb  xfofind.o [3]
_Fspos                  0x08004c43   0xd6  Code  Gb  xfspos.o [3]
_Fwprep                 0x08004fe1   0xb8  Code  Gb  xfwprep.o [3]
_GenldFull              0x08001085  0x254  Code  Lc  xprintffull.o [3]
_IsdstStr               0x20000178    0x4  Data  Gb  setlocale.o [3]
_LdtobFull              0x08000c85  0x3fa  Code  Lc  xprintffull.o [3]
_LitobFull              0x08000b79  0x10a  Code  Lc  xprintffull.o [3]
_LocaleEncoding         0x08001ee5    0xe  Code  Gb  setlocale.o [3]
_LocaleReturnString     0x20000198   0x50  Data  Lc  setlocale.o [3]
_Locale_Profile         0x2000017c   0x1c  Data  Gb  setlocale.o [3]
_Locale_aeabi_lconv     0x2000013c   0x38  Data  Gb  localeconv.o [3]
_Locale_lconv           0x200000ec   0x50  Data  Gb  localeconv.o [3]
_Mbtowc                 0x08001323   0x20  Code  Gb  xmbtowc.o [3]
_Nnl                    0x08004dc9    0xc  Code  Gb  xfgpos.o [3]
_PrintfFull             0x08000189  0x660  Code  Gb  xprintffull.o [3]
_Prout                  0x08005581   0x16  Code  Gb  xprout.o [3]
_PutcharsFull           0x080012d9   0x2e  Code  Lc  xprintffull.o [3]
_PutstrFull             0x0800086d  0x306  Code  Lc  xprintffull.o [3]
_TzoneStr               0x20000174    0x4  Data  Gb  setlocale.o [3]
_Wctomb                 0x080014a9   0x1a  Code  Gb  xwctomb.o [3]
__aeabi_cdcmple         0x080016f1         Code  Gb  DblCmpLe.o [4]
__aeabi_cdrcmple        0x08001721         Code  Gb  DblCmpGe.o [4]
__aeabi_d2iz            0x08001865         Code  Gb  DblToI32.o [4]
__aeabi_d2uiz           0x08001891         Code  Gb  DblToI32.o [4]
__aeabi_ddiv            0x08001c11         Code  Gb  DblDiv.o [4]
__aeabi_dmul            0x08001a6d         Code  Gb  DblMul.o [4]
__aeabi_dsub            0x080018ed         Code  Gb  DblSub.o [4]
__aeabi_errno_addr      0x08004e21    0x6  Code  Gb  errno.o [3]
__aeabi_i2d             0x080018bd         Code  Gb  I32ToDbl.o [4]
__aeabi_ldiv0           0x08001f85         Code  Gb  I64DivZer.o [5]
__aeabi_memclr4         0x08003819         Code  Gb  ABImemclr4.o [5]
__aeabi_ui2d            0x080018d1         Code  Gb  I32ToDbl.o [4]
__aeabi_uldivmod        0x080015bd         Code  Gb  I64DivMod.o [5]
__cexit_closeall        0x0800555f         Code  Gb  cexit.o [5]
__close                 0x080052f7   0x1a  Code  Gb  close.o [6]
__cmain                 0x08005539         Code  Gb  cmain.o [5]
__cstart_closeall       0x08005720         Data  Gb  cstart_closeall.o [5]
__data_Aldata           0x20000f44    0x8  Data  Gb  xxmemxmalloc.o [3]
__data_GetMemChunk      0x08001f59   0x2c  Code  Gb  xgetmemchunk.o [3]
__data_GetMemChunk::start
                        0x20000f88    0x4  Data  Lc  xgetmemchunk.o [3]
__dwrite                0x08004f0d   0x1e  Code  Gb  dwrite.o [6]
__exit                  0x0800556d   0x14  Code  Gb  exit.o [6]
__iar_Dnorm             0x080016ab   0x44  Code  Gb  xdnorm.o [4]
__iar_Dscale            0x08001751  0x114  Code  Gb  xdscale.o [4]
__iar_Errno             0x200001e8    0x4  Data  Gb  errno.o [3]
__iar_Locale_lconv_init
                        0x08001e69   0x3a  Code  Gb  localeconv.o [3]
__iar_Lockfilelock      0x08004e2d    0x2  Code  Gb  xsyslock_nop.o [3]
__iar_Mbcurmax          0x080013ed    0xa  Code  Gb  xmbcurmax.o [3]
__iar_Memchr            0x08001395         Code  Gb  memchr.o [5]
__iar_Memset4_word      0x08003cb9         Code  Gb  ABImemset48.o [5]
__iar_Memset8_word      0x08003cb9         Code  Gb  ABImemset48.o [5]
__iar_Stderr            0x20000084   0x40  Data  Gb  xfiles.o [3]
__iar_Stdin             0x20000004   0x40  Data  Gb  xfiles.o [3]
__iar_Stdout            0x20000044   0x40  Data  Gb  xfiles.o [3]
__iar_Strchr            0x08001345         Code  Gb  strchr.o [5]
__iar_Unlockfilelock    0x08004e2f    0x2  Code  Gb  xsyslock_nop.o [3]
__iar_close_ttio        0x08004f6d   0x2e  Code  Gb  iarttio.o [6]
__iar_d2uiz             0x0800189d         Code  Gb  DblToI32.o [4]
__iar_dadd              0x08001f89         Code  Gb  DblAdd.o [4]
__iar_data_init3        0x080054cd   0x28  Code  Gb  data_init.o [5]
__iar_dlib_perthread_access
                        0x0800205d    0x2  Code  Gb  xtls.o [3]
__iar_dsub              0x08001901         Code  Gb  DblSub.o [4]
__iar_dsubStart         0x08001913         Code  Gb  DblSub.o [4]
__iar_get_ttio          0x08004f9d   0x38  Code  Gb  iarttio.o [6]
__iar_init_vfp          0x080054f5         Code  Gb  fpinit_M.o [4]
__iar_lookup_ttioh      0x08004fd9    0x8  Code  Gb  XShttio.o [3]
__iar_packbits_init_single3
                        0x08005417   0x38  Code  Gb  packbits_init_single.o [5]
__iar_program_start     0x080055f5         Code  Gb  cstartup_M.o [5]
__iar_sh_Discard        0x08004e41   0x3e  Code  Gb  XShHandles.o [3]
__iar_sh_Move           0x08004e85   0x46  Code  Gb  XShHandles.o [3]
__iar_sh_Pos            0x08004ecb   0x3e  Code  Gb  XShHandles.o [3]
__iar_sh_stdout         0x08004f2b   0x20  Code  Gb  iarwstd.o [6]
__iar_sh_write          0x08004f4b   0x22  Code  Gb  iarwrite.o [6]
__iar_ttio_handles      0x200000e4    0x8  Data  Lc  XShttio.o [3]
__iar_ui2d              0x080018d5         Code  Gb  I32ToDbl.o [4]
__iar_unaligned___aeabi_memcpy
                        0x080014c5         Code  Gb  ABImemcpy_unaligned.o [5]
__iar_unaligned___aeabi_memcpy4
                        0x080014e5         Code  Gb  ABImemcpy_unaligned.o [5]
__iar_unaligned___aeabi_memcpy8
                        0x080014e5         Code  Gb  ABImemcpy_unaligned.o [5]
__iar_zero_init3        0x080053d7   0x40  Code  Gb  zero_init3.o [5]
__low_level_init        0x08005553    0x4  Code  Gb  low_level_init.o [3]
__lseek                 0x08004dd5   0x4c  Code  Gb  lseek.o [6]
__vector_table          0x08000000         Data  Gb  startup_stm32f303xc.o [1]
__write                 0x08004e31   0x10  Code  Gb  write.o [6]
_call_main              0x08005545         Code  Gb  cmain.o [5]
_exit                   0x0800555d         Code  Gb  cexit.o [5]
_main                   0x0800554f         Code  Gb  cmain.o [5]
aPLLMULFactorTable      0x080055b4   0x10  Data  Gb  stm32f3xx_hal_rcc.o [1]
aPredivFactorTable      0x080055c4   0x10  Data  Gb  stm32f3xx_hal_rcc.o [1]
div                     0x08001ed5    0xe  Code  Gb  div.o [3]
ebuf                    0x20000e1c   0x50  Data  Lc  xfiles.o [3]
exit                    0x08005557    0x4  Code  Gb  exit.o [3]
fclose                  0x0800527d   0x7a  Code  Gb  fclose.o [3]
fflush                  0x08004d8f   0x34  Code  Gb  fflush.o [3]
fflushOne               0x08004d19   0x76  Code  Lc  fflush.o [3]
fputc                   0x08005381   0x56  Code  Gb  fputc.o [3]
frame_decoder           0x0800348d   0xc2  Code  Gb  kulur_functions.o [1]
free                    0x0800153d   0x7a  Code  Gb  xxmemxfree.o [3]
fseek                   0x08005099   0x22  Code  Gb  fseek.o [3]
hcrc                    0x20000ef8   0x24  Data  Gb  crc.o [1]
hrtc                    0x20000f1c   0x20  Data  Gb  rtc.o [1]
htim1                   0x20000ebc   0x3c  Data  Gb  tim.o [1]
huart3                  0x20000dac   0x70  Data  Gb  usart.o [1]
localeconv              0x08001ea3   0x16  Code  Gb  localeconv.o [3]
main                    0x08003b95   0x68  Code  Gb  main.o [1]
main{1}{2}::tempString  0x20000f50    0x4  Data  Lc  main.o [1]
malloc                  0x080013f9   0xac  Code  Gb  xxmemxmalloc.o [3]
memchr                  0x08001395         Code  Gb  memchr.o [5]
obuf                    0x20000e6c   0x50  Data  Lc  xfiles.o [3]
osSystickHandler        0x080054bd   0x10  Code  Gb  cmsis_os.o [1]
printf                  0x08003fb1   0x24  Code  Gb  printf.o [3]
prvResetNextTaskUnblockTime
                        0x08004b9d   0x28  Code  Lc  tasks.o [1]
putchar                 0x08005599    0xc  Code  Gb  putchar.o [3]
pxCurrentTCB            0x20000f58    0x4  Data  Gb  tasks.o [1]
pxDelayedTaskList       0x20000f5c    0x4  Data  Lc  tasks.o [1]
pxOverflowDelayedTaskList
                        0x20000f60    0x4  Data  Lc  tasks.o [1]
pxReadyTasksLists       0x20000ca0   0x8c  Data  Lc  tasks.o [1]
remove                  0x08005311   0x16  Code  Gb  remove.o [6]
sFileInfo               0x20000d2c   0x80  Data  Lc  XShHandles.o [3]
strchr                  0x08001345         Code  Gb  strchr.o [5]
strlen                  0x0800135d         Code  Gb  strlen.o [5]
uwTick                  0x20000f54    0x4  Data  Gb  stm32f3xx_hal.o [1]
uxListRemove            0x08004c1d   0x26  Code  Gb  list.o [1]
uxPendedTicks           0x20000f70    0x4  Data  Lc  tasks.o [1]
uxSchedulerSuspended    0x20000f80    0x4  Data  Lc  tasks.o [1]
uxTopReadyPriority      0x20000f68    0x4  Data  Lc  tasks.o [1]
vListInsertEnd          0x08004c05   0x18  Code  Gb  list.o [1]
vPortEnableVFP          0x08005149         Code  Gb  portasm.o [1]
vPortStartFirstTask     0x08005131         Code  Gb  portasm.o [1]
vTaskSwitchContext      0x08004b19   0x6e  Code  Gb  tasks.o [1]
xNextTaskUnblockTime    0x20000f7c    0x4  Data  Lc  tasks.o [1]
xNumOfOverflows         0x20000f78    0x4  Data  Lc  tasks.o [1]
xPortSysTickHandler     0x08005451   0x2c  Code  Gb  port.o [1]
xSchedulerRunning       0x20000f6c    0x4  Data  Lc  tasks.o [1]
xTaskGetSchedulerState  0x08004bc5   0x20  Code  Gb  tasks.o [1]
xTaskIncrementTick      0x080049fd  0x11c  Code  Gb  tasks.o [1]
xTickCount              0x20000f64    0x4  Data  Lc  tasks.o [1]
xYieldPending           0x20000f74    0x4  Data  Lc  tasks.o [1]


[1] = D:\Skolarbeten\Inbyggda System\Projekt\KULUR\Test\Debug\Obj
[2] = command line
[3] = dl7M_tlf.a
[4] = m7M_tls.a
[5] = rt7M_tl.a
[6] = shb_l.a

  22 198 bytes of readonly  code memory
     244 bytes of readonly  data memory
   3 982 bytes of readwrite data memory

Errors: none
Warnings: none
