###############################################################################
#
# IAR ELF Linker V7.80.3.12102/W32 for ARM                21/Feb/2017  16:15:53
# Copyright 2007-2016 IAR Systems AB.
#
#    Output file  =  
#        D:\Skolarbeten\Inbyggda System\Projekt\KULUR\Test\Debug\Exe\test.out
#    Map file     =  
#        D:\Skolarbeten\Inbyggda System\Projekt\KULUR\Test\Debug\List\test.map
#    Command line =  
#        "D:\Skolarbeten\Inbyggda
#        System\Projekt\KULUR\Test\Debug\Obj\cmsis_os.o"
#        "D:\Skolarbeten\Inbyggda System\Projekt\KULUR\Test\Debug\Obj\crc.o"
#        "D:\Skolarbeten\Inbyggda
#        System\Projekt\KULUR\Test\Debug\Obj\croutine.o"
#        "D:\Skolarbeten\Inbyggda
#        System\Projekt\KULUR\Test\Debug\Obj\event_groups.o"
#        "D:\Skolarbeten\Inbyggda
#        System\Projekt\KULUR\Test\Debug\Obj\freertos.o"
#        "D:\Skolarbeten\Inbyggda System\Projekt\KULUR\Test\Debug\Obj\gpio.o"
#        "D:\Skolarbeten\Inbyggda System\Projekt\KULUR\Test\Debug\Obj\heap_4.o"
#        "D:\Skolarbeten\Inbyggda
#        System\Projekt\KULUR\Test\Debug\Obj\kulur_functions.o"
#        "D:\Skolarbeten\Inbyggda System\Projekt\KULUR\Test\Debug\Obj\list.o"
#        "D:\Skolarbeten\Inbyggda System\Projekt\KULUR\Test\Debug\Obj\main.o"
#        "D:\Skolarbeten\Inbyggda System\Projekt\KULUR\Test\Debug\Obj\port.o"
#        "D:\Skolarbeten\Inbyggda
#        System\Projekt\KULUR\Test\Debug\Obj\portasm.o"
#        "D:\Skolarbeten\Inbyggda System\Projekt\KULUR\Test\Debug\Obj\queue.o"
#        "D:\Skolarbeten\Inbyggda System\Projekt\KULUR\Test\Debug\Obj\rtc.o"
#        "D:\Skolarbeten\Inbyggda
#        System\Projekt\KULUR\Test\Debug\Obj\startup_stm32f303xc.o"
#        "D:\Skolarbeten\Inbyggda
#        System\Projekt\KULUR\Test\Debug\Obj\stm32f3xx_hal.o"
#        "D:\Skolarbeten\Inbyggda
#        System\Projekt\KULUR\Test\Debug\Obj\stm32f3xx_hal_cortex.o"
#        "D:\Skolarbeten\Inbyggda
#        System\Projekt\KULUR\Test\Debug\Obj\stm32f3xx_hal_crc.o"
#        "D:\Skolarbeten\Inbyggda
#        System\Projekt\KULUR\Test\Debug\Obj\stm32f3xx_hal_crc_ex.o"
#        "D:\Skolarbeten\Inbyggda
#        System\Projekt\KULUR\Test\Debug\Obj\stm32f3xx_hal_dma.o"
#        "D:\Skolarbeten\Inbyggda
#        System\Projekt\KULUR\Test\Debug\Obj\stm32f3xx_hal_flash.o"
#        "D:\Skolarbeten\Inbyggda
#        System\Projekt\KULUR\Test\Debug\Obj\stm32f3xx_hal_flash_ex.o"
#        "D:\Skolarbeten\Inbyggda
#        System\Projekt\KULUR\Test\Debug\Obj\stm32f3xx_hal_gpio.o"
#        "D:\Skolarbeten\Inbyggda
#        System\Projekt\KULUR\Test\Debug\Obj\stm32f3xx_hal_i2c.o"
#        "D:\Skolarbeten\Inbyggda
#        System\Projekt\KULUR\Test\Debug\Obj\stm32f3xx_hal_i2c_ex.o"
#        "D:\Skolarbeten\Inbyggda
#        System\Projekt\KULUR\Test\Debug\Obj\stm32f3xx_hal_msp.o"
#        "D:\Skolarbeten\Inbyggda
#        System\Projekt\KULUR\Test\Debug\Obj\stm32f3xx_hal_pwr.o"
#        "D:\Skolarbeten\Inbyggda
#        System\Projekt\KULUR\Test\Debug\Obj\stm32f3xx_hal_pwr_ex.o"
#        "D:\Skolarbeten\Inbyggda
#        System\Projekt\KULUR\Test\Debug\Obj\stm32f3xx_hal_rcc.o"
#        "D:\Skolarbeten\Inbyggda
#        System\Projekt\KULUR\Test\Debug\Obj\stm32f3xx_hal_rcc_ex.o"
#        "D:\Skolarbeten\Inbyggda
#        System\Projekt\KULUR\Test\Debug\Obj\stm32f3xx_hal_rtc.o"
#        "D:\Skolarbeten\Inbyggda
#        System\Projekt\KULUR\Test\Debug\Obj\stm32f3xx_hal_rtc_ex.o"
#        "D:\Skolarbeten\Inbyggda
#        System\Projekt\KULUR\Test\Debug\Obj\stm32f3xx_hal_tim.o"
#        "D:\Skolarbeten\Inbyggda
#        System\Projekt\KULUR\Test\Debug\Obj\stm32f3xx_hal_tim_ex.o"
#        "D:\Skolarbeten\Inbyggda
#        System\Projekt\KULUR\Test\Debug\Obj\stm32f3xx_hal_uart.o"
#        "D:\Skolarbeten\Inbyggda
#        System\Projekt\KULUR\Test\Debug\Obj\stm32f3xx_hal_uart_ex.o"
#        "D:\Skolarbeten\Inbyggda
#        System\Projekt\KULUR\Test\Debug\Obj\stm32f3xx_it.o"
#        "D:\Skolarbeten\Inbyggda
#        System\Projekt\KULUR\Test\Debug\Obj\system_stm32f3xx.o"
#        "D:\Skolarbeten\Inbyggda System\Projekt\KULUR\Test\Debug\Obj\tasks.o"
#        "D:\Skolarbeten\Inbyggda System\Projekt\KULUR\Test\Debug\Obj\tim.o"
#        "D:\Skolarbeten\Inbyggda System\Projekt\KULUR\Test\Debug\Obj\timers.o"
#        "D:\Skolarbeten\Inbyggda System\Projekt\KULUR\Test\Debug\Obj\usart.o"
#        -o "D:\Skolarbeten\Inbyggda
#        System\Projekt\KULUR\Test\Debug\Exe\test.out" --redirect
#        _Printf=_PrintfFull --redirect _Scanf=_ScanfFull --map
#        "D:\Skolarbeten\Inbyggda
#        System\Projekt\KULUR\Test\Debug\List\test.map" --config
#        "D:\Skolarbeten\Inbyggda
#        System\Projekt\KULUR\EWARM\stm32f303xc_flash.icf" --semihosting
#        --entry __iar_program_start --vfe
#
###############################################################################

*******************************************************************************
*** RUNTIME MODEL ATTRIBUTES
***

CppFlavor                     = *
__Heap_Handler                = Basic
__SystemLibrary               = DLib
__dlib_dynamic_initialization = normal


*******************************************************************************
*** PLACEMENT SUMMARY
***

"A0":  place at 0x08000000 { ro section .intvec };
"P1":  place in [from 0x08000000 to 0x0803ffff] { ro };
"P2":  place in [from 0x20000000 to 0x20009fff] { rw, block CSTACK, block HEAP };
initialize by copy { rw };

  Section             Kind        Address    Size  Object
  -------             ----        -------    ----  ------
"A0":                                       0x188
  .intvec             ro code  0x08000000   0x188  startup_stm32f303xc.o [1]
                             - 0x08000188   0x188

"P1":                                      0x5b96
  .text               ro code  0x08000188  0x119a  xprintffull.o [3]
  .text               ro code  0x08001322    0x20  xmbtowc.o [3]
  .text               ro code  0x08001344    0x16  strchr.o [5]
  .text               ro code  0x0800135c    0x36  strlen.o [5]
  .text               ro code  0x08001394    0x58  memchr.o [5]
  .text               ro code  0x080013ec     0xa  xmbcurmax.o [3]
  .text               ro code  0x080013f8    0xb0  xxmemxmalloc.o [3]
  .text               ro code  0x080014a8    0x1a  xwctomb.o [3]
  .text               ro code  0x080014c4    0x76  ABImemcpy_unaligned.o [5]
  .text               ro code  0x0800153c    0x80  xxmemxfree.o [3]
  .text               ro code  0x080015bc    0xee  I64DivMod.o [5]
  .text               ro code  0x080016aa    0x44  xdnorm.o [4]
  .text               ro code  0x080016f0    0x2e  DblCmpLe.o [4]
  .text               ro code  0x08001720    0x2e  DblCmpGe.o [4]
  .text               ro code  0x08001750   0x114  xdscale.o [4]
  .text               ro code  0x08001864    0x58  DblToI32.o [4]
  .text               ro code  0x080018bc    0x30  I32ToDbl.o [4]
  .text               ro code  0x080018ec   0x180  DblSub.o [4]
  .text               ro code  0x08001a6c   0x1a2  DblMul.o [4]
  .text               ro code  0x08001c10   0x256  DblDiv.o [4]
  .text               ro code  0x08001e68    0x6c  localeconv.o [3]
  .text               ro code  0x08001ed4     0xe  div.o [3]
  .text               ro code  0x08001ee4    0x14  setlocale.o [3]
  .text               ro code  0x08001ef8    0x60  xencoding_sb.o [3]
  .text               ro code  0x08001f58    0x2c  xgetmemchunk.o [3]
  .text               ro code  0x08001f84     0x2  I64DivZer.o [5]
  .text               ro code  0x08001f88    0xd4  DblAdd.o [4]
  .text               ro code  0x0800205c     0x2  xtls.o [3]
  .text               ro code  0x08002060   0xaa8  stm32f3xx_hal_rcc.o [1]
  .text               ro code  0x08002b08     0xc  stm32f3xx_hal.o [1]
  .text               ro code  0x08002b14    0x28  stm32f3xx_hal.o [1]
  .text               ro code  0x08002b3c   0x144  stm32f3xx_hal_cortex.o [1]
  .text               ro code  0x08002c80   0x87c  stm32f3xx_hal_tim.o [1]
  .text               ro code  0x080034fc   0x14c  tim.o [1]
  .text               ro code  0x08003648     0x2  stm32f3xx_hal_tim.o [1]
  .text               ro code  0x0800364c   0x4cc  main.o [1]
  .text               ro code  0x08003b18     0x2  stm32f3xx_hal_tim.o [1]
  .text               ro code  0x08003b1a     0x2  stm32f3xx_hal_tim.o [1]
  .text               ro code  0x08003b1c     0x2  stm32f3xx_hal_tim.o [1]
  .text               ro code  0x08003b1e     0x2  stm32f3xx_hal_tim_ex.o [1]
  .text               ro code  0x08003b20     0x2  stm32f3xx_hal_tim.o [1]
  .text               ro code  0x08003b22     0x2  stm32f3xx_hal_tim_ex.o [1]
  .text               ro code  0x08003b24    0x64  stm32f3xx_hal_tim_ex.o [1]
  .text               ro code  0x08003b88   0x1ec  stm32f3xx_hal_gpio.o [1]
  .text               ro code  0x08003d74    0x28  stm32f3xx_hal.o [1]
  .text               ro code  0x08003d9c   0x1c0  gpio.o [1]
  .text               ro code  0x08003f5c    0xb8  usart.o [1]
  .text               ro code  0x08004014    0x7c  rtc.o [1]
  .text               ro code  0x08004090    0x7c  crc.o [1]
  .text               ro code  0x0800410c    0x18  stm32f3xx_hal.o [1]
  .text               ro code  0x08004124   0x2c8  stm32f3xx_hal_rcc_ex.o [1]
  .text               ro code  0x080043ec    0x24  printf.o [3]
  .text               ro code  0x08004410   0x1be  stm32f3xx_hal_crc.o [1]
  .text               ro code  0x080045d0    0x7c  stm32f3xx_hal_msp.o [1]
  .text               ro code  0x0800464c   0x780  stm32f3xx_hal_uart.o [1]
  .text               ro code  0x08004dcc    0xe8  stm32f3xx_hal_rtc.o [1]
  .text               ro code  0x08004eb4    0x5e  stm32f3xx_hal_crc_ex.o [1]
  .text               ro code  0x08004f12     0x2  stm32f3xx_hal_uart_ex.o [1]
  .text               ro code  0x08004f14     0x2  stm32f3xx_hal_uart.o [1]
  .text               ro code  0x08004f18   0x208  tasks.o [1]
  .text               ro code  0x08005120    0x3e  list.o [1]
  .text               ro code  0x0800515e    0xd6  xfspos.o [3]
  .text               ro code  0x08005234    0xb0  fflush.o [3]
  .text               ro code  0x080052e4     0xc  xfgpos.o [3]
  .text               ro code  0x080052f0    0x4c  lseek.o [6]
  .text               ro code  0x0800533c     0xc  errno.o [3]
  .text               ro code  0x08005348     0x4  xsyslock_nop.o [3]
  .text               ro code  0x0800534c    0x10  write.o [6]
  .text               ro code  0x0800535c    0xcc  XShHandles.o [3]
  .text               ro code  0x08005428    0x1e  dwrite.o [6]
  .text               ro code  0x08005446    0x20  iarwstd.o [6]
  .text               ro code  0x08005466    0x22  iarwrite.o [6]
  .text               ro code  0x08005488    0x6c  iarttio.o [6]
  .text               ro code  0x080054f4     0x8  XShttio.o [3]
  .text               ro code  0x080054fc    0xb8  xfwprep.o [3]
  .text               ro code  0x080055b4    0x22  fseek.o [3]
  CODE                ro code  0x080055d8    0xa8  portasm.o [1]
  .text               ro code  0x08005680    0x98  system_stm32f3xx.o [1]
  .text               ro code  0x08005718    0x80  xfofind.o [3]
  .text               ro code  0x08005798    0x7a  fclose.o [3]
  .text               ro code  0x08005812    0x1a  close.o [6]
  .text               ro code  0x0800582c    0x16  remove.o [6]
  .text               ro code  0x08005844    0x58  xcloseall.o [3]
  .text               ro code  0x0800589c    0x56  fputc.o [3]
  .text               ro code  0x080058f2    0x40  zero_init3.o [5]
  .text               ro code  0x08005932    0x38  packbits_init_single.o [5]
  .text               ro code  0x0800596c    0x34  port.o [1]
  .text               ro code  0x080059a0    0x28  stm32f3xx_it.o [1]
  .text               ro code  0x080059c8    0x10  stm32f3xx_hal.o [1]
  .text               ro code  0x080059d8    0x10  cmsis_os.o [1]
  .text               ro code  0x080059e8    0x28  data_init.o [5]
  .text               ro code  0x08005a10    0x22  fpinit_M.o [4]
  .iar.init_table     const    0x08005a34    0x20  - Linker created -
  .rodata             const    0x08005a54    0x20  main.o [1]
  .text               ro code  0x08005a74    0x1a  cmain.o [5]
  .text               ro code  0x08005a8e     0x4  low_level_init.o [3]
  .text               ro code  0x08005a92     0x4  exit.o [3]
  .text               ro code  0x08005a98     0xe  cexit.o [5]
  .text               ro code  0x08005aa8    0x14  exit.o [6]
  .text               ro code  0x08005abc    0x16  xprout.o [3]
  .text               ro code  0x08005ad4     0xc  putchar.o [3]
  .rodata             const    0x08005ae0    0x10  main.o [1]
  .rodata             const    0x08005af0    0x10  main.o [1]
  .rodata             const    0x08005b00    0x10  main.o [1]
  .rodata             const    0x08005b10    0x10  stm32f3xx_hal_rcc.o [1]
  .rodata             const    0x08005b20    0x10  stm32f3xx_hal_rcc.o [1]
  .rodata             const    0x08005b30    0x10  system_stm32f3xx.o [1]
  .text               ro code  0x08005b40    0x10  startup_stm32f303xc.o [1]
  .rodata             const    0x08005b50     0xc  main.o [1]
  .rodata             const    0x08005b5c     0xc  main.o [1]
  .text               ro code  0x08005b68     0xc  cstartup_M.o [5]
  .rodata             const    0x08005b74     0x8  system_stm32f3xx.o [1]
  .text               ro code  0x08005b7c     0x4  startup_stm32f303xc.o [1]
  .text               ro code  0x08005b80     0x4  startup_stm32f303xc.o [1]
  .text               ro code  0x08005b84     0x4  startup_stm32f303xc.o [1]
  .text               ro code  0x08005b88     0x4  startup_stm32f303xc.o [1]
  .text               ro code  0x08005b8c     0x4  startup_stm32f303xc.o [1]
  .text               ro code  0x08005b90     0x4  startup_stm32f303xc.o [1]
  .text               ro code  0x08005b94     0x4  startup_stm32f303xc.o [1]
  .text               ro code  0x08005b98     0x4  startup_stm32f303xc.o [1]
  .text               ro code  0x08005b9c     0x4  startup_stm32f303xc.o [1]
  .text               ro code  0x08005ba0     0x4  startup_stm32f303xc.o [1]
  .text               ro code  0x08005ba4     0x4  startup_stm32f303xc.o [1]
  .text               ro code  0x08005ba8     0x4  startup_stm32f303xc.o [1]
  .text               ro code  0x08005bac     0x4  startup_stm32f303xc.o [1]
  .text               ro code  0x08005bb0     0x4  startup_stm32f303xc.o [1]
  .text               ro code  0x08005bb4     0x4  startup_stm32f303xc.o [1]
  .text               ro code  0x08005bb8     0x4  startup_stm32f303xc.o [1]
  .text               ro code  0x08005bbc     0x4  startup_stm32f303xc.o [1]
  .text               ro code  0x08005bc0     0x4  startup_stm32f303xc.o [1]
  .text               ro code  0x08005bc4     0x4  startup_stm32f303xc.o [1]
  .text               ro code  0x08005bc8     0x4  startup_stm32f303xc.o [1]
  .text               ro code  0x08005bcc     0x4  startup_stm32f303xc.o [1]
  .text               ro code  0x08005bd0     0x4  startup_stm32f303xc.o [1]
  .text               ro code  0x08005bd4     0x4  startup_stm32f303xc.o [1]
  .text               ro code  0x08005bd8     0x4  startup_stm32f303xc.o [1]
  .text               ro code  0x08005bdc     0x4  startup_stm32f303xc.o [1]
  .text               ro code  0x08005be0     0x4  startup_stm32f303xc.o [1]
  .text               ro code  0x08005be4     0x4  startup_stm32f303xc.o [1]
  .text               ro code  0x08005be8     0x4  startup_stm32f303xc.o [1]
  .text               ro code  0x08005bec     0x4  startup_stm32f303xc.o [1]
  .text               ro code  0x08005bf0     0x4  startup_stm32f303xc.o [1]
  .text               ro code  0x08005bf4     0x4  startup_stm32f303xc.o [1]
  .text               ro code  0x08005bf8     0x4  startup_stm32f303xc.o [1]
  .text               ro code  0x08005bfc     0x4  startup_stm32f303xc.o [1]
  .text               ro code  0x08005c00     0x4  startup_stm32f303xc.o [1]
  .text               ro code  0x08005c04     0x4  startup_stm32f303xc.o [1]
  .text               ro code  0x08005c08     0x4  startup_stm32f303xc.o [1]
  .text               ro code  0x08005c0c     0x4  startup_stm32f303xc.o [1]
  .text               ro code  0x08005c10     0x4  startup_stm32f303xc.o [1]
  .text               ro code  0x08005c14     0x4  startup_stm32f303xc.o [1]
  .text               ro code  0x08005c18     0x4  startup_stm32f303xc.o [1]
  .text               ro code  0x08005c1c     0x4  startup_stm32f303xc.o [1]
  .text               ro code  0x08005c20     0x4  startup_stm32f303xc.o [1]
  .text               ro code  0x08005c24     0x4  startup_stm32f303xc.o [1]
  .text               ro code  0x08005c28     0x4  startup_stm32f303xc.o [1]
  .text               ro code  0x08005c2c     0x4  startup_stm32f303xc.o [1]
  .text               ro code  0x08005c30     0x4  startup_stm32f303xc.o [1]
  .text               ro code  0x08005c34     0x4  startup_stm32f303xc.o [1]
  .text               ro code  0x08005c38     0x4  startup_stm32f303xc.o [1]
  .text               ro code  0x08005c3c     0x4  startup_stm32f303xc.o [1]
  .text               ro code  0x08005c40     0x4  startup_stm32f303xc.o [1]
  .text               ro code  0x08005c44     0x4  startup_stm32f303xc.o [1]
  .text               ro code  0x08005c48     0x4  startup_stm32f303xc.o [1]
  .text               ro code  0x08005c4c     0x4  startup_stm32f303xc.o [1]
  .text               ro code  0x08005c50     0x4  startup_stm32f303xc.o [1]
  .text               ro code  0x08005c54     0x4  startup_stm32f303xc.o [1]
  .text               ro code  0x08005c58     0x4  startup_stm32f303xc.o [1]
  .text               ro code  0x08005c5c     0x4  startup_stm32f303xc.o [1]
  .text               ro code  0x08005c60     0x4  startup_stm32f303xc.o [1]
  .text               ro code  0x08005c64     0x4  startup_stm32f303xc.o [1]
  .text               ro code  0x08005c68     0x4  startup_stm32f303xc.o [1]
  .text               ro code  0x08005c6c     0x4  startup_stm32f303xc.o [1]
  .text               ro code  0x08005c70     0x4  startup_stm32f303xc.o [1]
  .text               ro code  0x08005c74     0x4  startup_stm32f303xc.o [1]
  .text               ro code  0x08005c78     0x4  startup_stm32f303xc.o [1]
  .text               ro code  0x08005c7c     0x4  startup_stm32f303xc.o [1]
  .text               ro code  0x08005c80     0x4  startup_stm32f303xc.o [1]
  .text               ro code  0x08005c84     0x4  startup_stm32f303xc.o [1]
  .text               ro code  0x08005c88     0x4  startup_stm32f303xc.o [1]
  .text               ro code  0x08005c8c     0x4  startup_stm32f303xc.o [1]
  .text               ro code  0x08005c90     0x4  startup_stm32f303xc.o [1]
  .text               ro code  0x08005c94     0x0  cstart_closeall.o [5]
  .rodata             const    0x08005c94     0x0  zero_init3.o [5]
  .rodata             const    0x08005c94     0x0  packbits_init_single.o [5]
  Initializer bytes   const    0x08005c94    0x8a  <for P2-1>
                             - 0x08005d1e  0x5b96

"P2", part 1 of 3:                          0x1ec
  P2-1                         0x20000000   0x1ec  <Init block>
    .data             inited   0x20000000     0x4  system_stm32f3xx.o [1]
    .data             inited   0x20000004    0x40  xfiles.o [3]
    .data             inited   0x20000044    0x40  xfiles.o [3]
    .data             inited   0x20000084    0x40  xfiles.o [3]
    .data             inited   0x200000c4    0x20  xfiles.o [3]
    .data             inited   0x200000e4     0x8  XShttio.o [3]
    __DLIB_PERTHREAD  inited   0x200000ec    0x88  localeconv.o [3]
    __DLIB_PERTHREAD  inited   0x20000174    0x74  setlocale.o [3]
    __DLIB_PERTHREAD  inited   0x200001e8     0x4  errno.o [3]
                             - 0x200001ec   0x1ec

"P2", part 2 of 3:                          0x600
  CSTACK                       0x200001f0   0x400  <Block>
    CSTACK            uninit   0x200001f0   0x400  <Block tail>
  HEAP                         0x200005f0   0x200  <Block>
    HEAP              uninit   0x200005f0   0x200  <Block tail>
                             - 0x200007f0   0x600

"P2", part 3 of 3:                          0x448
  .bss                zero     0x200007f0    0xa0  main.o [1]
  .bss                zero     0x20000890    0xa0  main.o [1]
  .bss                zero     0x20000930    0x8c  tasks.o [1]
  .bss                zero     0x200009bc    0x80  XShHandles.o [3]
  .bss                zero     0x20000a3c    0x70  usart.o [1]
  .bss                zero     0x20000aac    0x50  xfiles.o [3]
  .bss                zero     0x20000afc    0x50  xfiles.o [3]
  .bss                zero     0x20000b4c    0x3c  tim.o [1]
  .bss                zero     0x20000b88    0x24  crc.o [1]
  .bss                zero     0x20000bac    0x24  main.o [1]
  .bss                zero     0x20000bd0    0x20  rtc.o [1]
  .bss                zero     0x20000bf0     0x8  xxmemxmalloc.o [3]
  .bss                zero     0x20000bf8     0x4  main.o [1]
  .bss                zero     0x20000bfc     0x4  stm32f3xx_hal.o [1]
  .bss                zero     0x20000c00     0x4  tasks.o [1]
  .bss                zero     0x20000c04     0x4  tasks.o [1]
  .bss                zero     0x20000c08     0x4  tasks.o [1]
  .bss                zero     0x20000c0c     0x4  tasks.o [1]
  .bss                zero     0x20000c10     0x4  tasks.o [1]
  .bss                zero     0x20000c14     0x4  tasks.o [1]
  .bss                zero     0x20000c18     0x4  tasks.o [1]
  .bss                zero     0x20000c1c     0x4  tasks.o [1]
  .bss                zero     0x20000c20     0x4  tasks.o [1]
  .bss                zero     0x20000c24     0x4  tasks.o [1]
  .bss                zero     0x20000c28     0x4  tasks.o [1]
  .bss                zero     0x20000c2c     0x4  xgetmemchunk.o [3]
  .bss                zero     0x20000c30     0x2  main.o [1]
  .bss                zero     0x20000c32     0x1  main.o [1]
  .bss                zero     0x20000c33     0x1  main.o [1]
  .bss                zero     0x20000c34     0x1  main.o [1]
  .bss                zero     0x20000c35     0x1  rtc.o [1]
                             - 0x20000c36   0x446


*******************************************************************************
*** INIT TABLE
***

          Address     Size
          -------     ----
Zero (__iar_zero_init3)
    1 destination range, total size 0x446:
          0x200007f0  0x446

Copy/packbits (__iar_packbits_init_single3)
    1 source range, total size 0x8a (28% of destination):
          0x08005c94   0x8a
    1 destination range, total size 0x1ec:
          0x20000000  0x1ec



*******************************************************************************
*** MODULE SUMMARY
***

    Module                   ro code  ro data  rw data
    ------                   -------  -------  -------
D:\Skolarbeten\Inbyggda System\Projekt\KULUR\Test\Debug\Obj: [1]
    cmsis_os.o                    16
    crc.o                        124                36
    gpio.o                       448
    list.o                        62
    main.o                     1 228      104      365
    port.o                        52
    portasm.o                    168
    rtc.o                        124                33
    startup_stm32f303xc.o        688
    stm32f3xx_hal.o              132                 4
    stm32f3xx_hal_cortex.o       324
    stm32f3xx_hal_crc.o          446
    stm32f3xx_hal_crc_ex.o        94
    stm32f3xx_hal_gpio.o         492
    stm32f3xx_hal_msp.o          124
    stm32f3xx_hal_rcc.o        2 728       32
    stm32f3xx_hal_rcc_ex.o       712
    stm32f3xx_hal_rtc.o          232
    stm32f3xx_hal_tim.o        2 182
    stm32f3xx_hal_tim_ex.o       104
    stm32f3xx_hal_uart.o       1 922
    stm32f3xx_hal_uart_ex.o        2
    stm32f3xx_it.o                40
    system_stm32f3xx.o           152       25        4
    tasks.o                      520               184
    tim.o                        332                60
    usart.o                      184               112
    --------------------------------------------------
    Total:                    13 632      161      798

command line: [2]
    --------------------------------------------------
    Total:

dl7M_tlf.a: [3]
    XShHandles.o                 204               128
    XShttio.o                      8        3        8
    div.o                         14
    errno.o                       12        2        4
    exit.o                         4
    fclose.o                     122
    fflush.o                     176
    fputc.o                       86
    fseek.o                       34
    localeconv.o                 108       38      136
    low_level_init.o               4
    printf.o                      36
    putchar.o                     12
    setlocale.o                   20       32      116
    xcloseall.o                   88
    xencoding_sb.o                96
    xfgpos.o                      12
    xfiles.o                               62      384
    xfofind.o                    128
    xfspos.o                     214
    xfwprep.o                    184
    xgetmemchunk.o                44                 4
    xmbcurmax.o                   10
    xmbtowc.o                     32
    xprintffull.o              4 506
    xprout.o                      22
    xsyslock_nop.o                 4
    xtls.o                         2
    xwctomb.o                     26
    xxmemxfree.o                 128
    xxmemxmalloc.o               176                 8
    --------------------------------------------------
    Total:                     6 512      137      788

m7M_tls.a: [4]
    DblAdd.o                     212
    DblCmpGe.o                    46
    DblCmpLe.o                    46
    DblDiv.o                     598
    DblMul.o                     418
    DblSub.o                     384
    DblToI32.o                    88
    I32ToDbl.o                    48
    fpinit_M.o                    34
    xdnorm.o                      68
    xdscale.o                    276
    --------------------------------------------------
    Total:                     2 218

rt7M_tl.a: [5]
    ABImemcpy_unaligned.o        118
    I64DivMod.o                  238
    I64DivZer.o                    2
    cexit.o                       14
    cmain.o                       26
    cstart_closeall.o
    cstartup_M.o                  12
    data_init.o                   40
    memchr.o                      88
    packbits_init_single.o        56
    strchr.o                      22
    strlen.o                      54
    zero_init3.o                  64
    --------------------------------------------------
    Total:                       734

shb_l.a: [6]
    close.o                       26
    dwrite.o                      30
    exit.o                        20
    iarttio.o                    108
    iarwrite.o                    34
    iarwstd.o                     32
    lseek.o                       76
    remove.o                      22
    write.o                       16
    --------------------------------------------------
    Total:                       364

    Gaps                          46        2
    Linker created                         32    1 536
------------------------------------------------------
    Grand Total:              23 506      332    3 122


*******************************************************************************
*** ENTRY LIST
***

Entry                      Address   Size  Type      Object
-----                      -------   ----  ----      ------
.iar.init_table$$Base   0x08005a34          --   Gb  - Linker created -
.iar.init_table$$Limit  0x08005a54          --   Gb  - Linker created -
?main                   0x08005a75         Code  Gb  cmain.o [5]
AHBPrescTable           0x08005b30   0x10  Data  Gb  system_stm32f3xx.o [1]
APBPrescTable           0x08005b74    0x8  Data  Gb  system_stm32f3xx.o [1]
CRC_Handle_16           0x08004597   0x38  Code  Lc  stm32f3xx_hal_crc.o [1]
CRC_Handle_8            0x08004505   0x92  Code  Lc  stm32f3xx_hal_crc.o [1]
CSTACK$$Base            0x200001f0          --   Gb  - Linker created -
CSTACK$$Limit           0x200005f0          --   Gb  - Linker created -
Error_Handler           0x08003ac5    0xa  Code  Gb  main.o [1]
HAL_CRCEx_Polynomial_Set
                        0x08004eb5   0x5e  Code  Gb  stm32f3xx_hal_crc_ex.o [1]
HAL_CRC_Calculate       0x0800449d   0x68  Code  Gb  stm32f3xx_hal_crc.o [1]
HAL_CRC_Init            0x08004411   0x88  Code  Gb  stm32f3xx_hal_crc.o [1]
HAL_CRC_MspInit         0x080040d9   0x26  Code  Gb  crc.o [1]
HAL_Delay               0x0800410d   0x18  Code  Wk  stm32f3xx_hal.o [1]
HAL_GPIO_Init           0x08003b89  0x1a8  Code  Gb  stm32f3xx_hal_gpio.o [1]
HAL_GPIO_TogglePin      0x08003d43    0xa  Code  Gb  stm32f3xx_hal_gpio.o [1]
HAL_GPIO_WritePin       0x08003d31   0x12  Code  Gb  stm32f3xx_hal_gpio.o [1]
HAL_GetTick             0x08002b09    0xc  Code  Wk  stm32f3xx_hal.o [1]
HAL_IncTick             0x080059c9   0x10  Code  Wk  stm32f3xx_hal.o [1]
HAL_Init                0x08003d75   0x22  Code  Gb  stm32f3xx_hal.o [1]
HAL_InitTick            0x08002b15   0x28  Code  Wk  stm32f3xx_hal.o [1]
HAL_MspInit             0x080045d1   0x7c  Code  Gb  stm32f3xx_hal_msp.o [1]
HAL_NVIC_EnableIRQ      0x08002c2f    0xa  Code  Gb  stm32f3xx_hal_cortex.o [1]
HAL_NVIC_SetPriority    0x08002c0d   0x22  Code  Gb  stm32f3xx_hal_cortex.o [1]
HAL_NVIC_SetPriorityGrouping
                        0x08002c05    0x8  Code  Gb  stm32f3xx_hal_cortex.o [1]
HAL_RCCEx_PeriphCLKConfig
                        0x08004125  0x2a8  Code  Gb  stm32f3xx_hal_rcc_ex.o [1]
HAL_RCC_ClockConfig     0x080027dd  0x23c  Code  Gb  stm32f3xx_hal_rcc.o [1]
HAL_RCC_GetHCLKFreq     0x08002a7f    0x6  Code  Gb  stm32f3xx_hal_rcc.o [1]
HAL_RCC_GetPCLK1Freq    0x08002a85   0x20  Code  Gb  stm32f3xx_hal_rcc.o [1]
HAL_RCC_GetPCLK2Freq    0x08002aa5   0x20  Code  Gb  stm32f3xx_hal_rcc.o [1]
HAL_RCC_GetSysClockFreq
                        0x08002a19   0x66  Code  Gb  stm32f3xx_hal_rcc.o [1]
HAL_RCC_OscConfig       0x08002061  0x77c  Code  Gb  stm32f3xx_hal_rcc.o [1]
HAL_RTC_Init            0x08004dcd   0xac  Code  Gb  stm32f3xx_hal_rtc.o [1]
HAL_RTC_MspInit         0x08004053   0x1c  Code  Gb  rtc.o [1]
HAL_SYSTICK_CLKSourceConfig
                        0x08002c41   0x20  Code  Gb  stm32f3xx_hal_cortex.o [1]
HAL_SYSTICK_Config      0x08002c39    0x8  Code  Gb  stm32f3xx_hal_cortex.o [1]
HAL_TIMEx_BreakCallback
                        0x08003b1f    0x2  Code  Wk  stm32f3xx_hal_tim_ex.o [1]
HAL_TIMEx_CommutationCallback
                        0x08003b23    0x2  Code  Wk  stm32f3xx_hal_tim_ex.o [1]
HAL_TIMEx_MasterConfigSynchronization
                        0x08003b25   0x5c  Code  Gb  stm32f3xx_hal_tim_ex.o [1]
HAL_TIM_Base_Init       0x08002c81   0x38  Code  Gb  stm32f3xx_hal_tim.o [1]
HAL_TIM_Base_MspInit    0x080035e5   0x58  Code  Gb  tim.o [1]
HAL_TIM_ConfigClockSource
                        0x08003023  0x11c  Code  Gb  stm32f3xx_hal_tim.o [1]
HAL_TIM_IC_CaptureCallback
                        0x080037b5   0xee  Code  Gb  main.o [1]
HAL_TIM_IC_CaptureCallback::bit_counter
                        0x20000c32    0x1  Data  Lc  main.o [1]
HAL_TIM_IC_CaptureCallback::duty_in_microseconds
                        0x20000bf8    0x4  Data  Lc  main.o [1]
HAL_TIM_IC_CaptureCallback::interrupt_counter
                        0x20000c33    0x1  Data  Lc  main.o [1]
HAL_TIM_IC_CaptureCallback::preamble_bits
                        0x20000bac   0x24  Data  Lc  main.o [1]
HAL_TIM_IC_CaptureCallback::preamble_flag
                        0x20000c34    0x1  Data  Lc  main.o [1]
HAL_TIM_IC_CaptureCallback::radio_frame
                        0x200007f0   0xa0  Data  Lc  main.o [1]
HAL_TIM_IC_ConfigChannel
                        0x08002f4f   0xd4  Code  Gb  stm32f3xx_hal_tim.o [1]
HAL_TIM_IC_Init         0x08002cb9   0x38  Code  Gb  stm32f3xx_hal_tim.o [1]
HAL_TIM_IC_MspInit      0x08003649    0x2  Code  Wk  stm32f3xx_hal_tim.o [1]
HAL_TIM_IC_Start_IT     0x08002cf1   0x68  Code  Gb  stm32f3xx_hal_tim.o [1]
HAL_TIM_IC_Stop_IT      0x08002d59   0x80  Code  Gb  stm32f3xx_hal_tim.o [1]
HAL_TIM_IRQHandler      0x08002dd9  0x176  Code  Gb  stm32f3xx_hal_tim.o [1]
HAL_TIM_OC_DelayElapsedCallback
                        0x08003b19    0x2  Code  Wk  stm32f3xx_hal_tim.o [1]
HAL_TIM_PWM_PulseFinishedCallback
                        0x08003b1b    0x2  Code  Wk  stm32f3xx_hal_tim.o [1]
HAL_TIM_PeriodElapsedCallback
                        0x08003b1d    0x2  Code  Wk  stm32f3xx_hal_tim.o [1]
HAL_TIM_ReadCapturedValue
                        0x0800318f   0x48  Code  Gb  stm32f3xx_hal_tim.o [1]
HAL_TIM_SlaveConfigSynchronization
                        0x08003145   0x4a  Code  Gb  stm32f3xx_hal_tim.o [1]
HAL_TIM_TriggerCallback
                        0x08003b21    0x2  Code  Wk  stm32f3xx_hal_tim.o [1]
HAL_UARTEx_WakeupCallback
                        0x08004f13    0x2  Code  Wk  stm32f3xx_hal_uart_ex.o [1]
HAL_UART_ErrorCallback  0x08004f15    0x2  Code  Wk  stm32f3xx_hal_uart.o [1]
HAL_UART_IRQHandler     0x080046cb  0x102  Code  Gb  stm32f3xx_hal_uart.o [1]
HAL_UART_Init           0x0800464d   0x7e  Code  Gb  stm32f3xx_hal_uart.o [1]
HAL_UART_MspInit        0x08003fad   0x56  Code  Gb  usart.o [1]
HAL_UART_RxCpltCallback
                        0x08004077    0x8  Code  Gb  rtc.o [1]
HAL_UART_TxCpltCallback
                        0x0800406f    0x8  Code  Gb  rtc.o [1]
HEAP$$Base              0x200005f0          --   Gb  - Linker created -
HEAP$$Limit             0x200007f0          --   Gb  - Linker created -
LoadInt                 0x080007ff   0x6e  Code  Lc  xprintffull.o [3]
MX_CRC_Init             0x08004091   0x48  Code  Gb  crc.o [1]
MX_GPIO_Init            0x08003d9d  0x1c0  Code  Gb  gpio.o [1]
MX_RTC_Init             0x08004015   0x3e  Code  Gb  rtc.o [1]
MX_TIM1_Init            0x080034fd   0xe8  Code  Gb  tim.o [1]
MX_USART3_UART_Init     0x08003f5d   0x50  Code  Gb  usart.o [1]
NVIC_EnableIRQ          0x08002b63   0x14  Code  Lc  stm32f3xx_hal_cortex.o [1]
NVIC_EncodePriority     0x08002b99   0x3e  Code  Lc  stm32f3xx_hal_cortex.o [1]
NVIC_GetPriorityGrouping
                        0x08002b59    0xa  Code  Lc  stm32f3xx_hal_cortex.o [1]
NVIC_SetPriority        0x08002b77   0x22  Code  Lc  stm32f3xx_hal_cortex.o [1]
NVIC_SetPriorityGrouping
                        0x08002b3d   0x1c  Code  Lc  stm32f3xx_hal_cortex.o [1]
PendSV_Handler          0x080055d9         Code  Gb  portasm.o [1]
RTC_EnterInitMode       0x08004e7d   0x38  Code  Gb  stm32f3xx_hal_rtc.o [1]
Region$$Table$$Base     0x08005a34          --   Gb  - Linker created -
Region$$Table$$Limit    0x08005a54          --   Gb  - Linker created -
SVC_Handler             0x08005631         Code  Gb  portasm.o [1]
SysTick_Config          0x08002bd7   0x2e  Code  Lc  stm32f3xx_hal_cortex.o [1]
SysTick_Handler         0x080059ab    0xc  Code  Gb  stm32f3xx_it.o [1]
SystemClock_Config      0x08003713   0xa2  Code  Gb  main.o [1]
SystemCoreClock         0x20000000    0x4  Data  Gb  system_stm32f3xx.o [1]
SystemInit              0x08005681   0x70  Code  Gb  system_stm32f3xx.o [1]
TIM1_CC_IRQHandler      0x080059b7    0xa  Code  Gb  stm32f3xx_it.o [1]
TIM_Base_SetConfig      0x080031d7   0xb4  Code  Gb  stm32f3xx_hal_tim.o [1]
TIM_CCxChannelCmd       0x080034df   0x1e  Code  Gb  stm32f3xx_hal_tim.o [1]
TIM_ETR_SetConfig       0x080034c7   0x18  Code  Gb  stm32f3xx_hal_tim.o [1]
TIM_ITRx_SetConfig      0x080034b3   0x14  Code  Lc  stm32f3xx_hal_tim.o [1]
TIM_SlaveTimer_SetConfig
                        0x0800328b   0x9a  Code  Lc  stm32f3xx_hal_tim.o [1]
TIM_TI1_ConfigInputStage
                        0x080033b5   0x28  Code  Lc  stm32f3xx_hal_tim.o [1]
TIM_TI1_SetConfig       0x08003325   0x6c  Code  Gb  stm32f3xx_hal_tim.o [1]
TIM_TI2_ConfigInputStage
                        0x08003417   0x2a  Code  Lc  stm32f3xx_hal_tim.o [1]
TIM_TI2_SetConfig       0x080033dd   0x3a  Code  Lc  stm32f3xx_hal_tim.o [1]
TIM_TI3_SetConfig       0x08003441   0x38  Code  Lc  stm32f3xx_hal_tim.o [1]
TIM_TI4_SetConfig       0x08003479   0x3a  Code  Lc  stm32f3xx_hal_tim.o [1]
UART_AdvFeatureConfig   0x08004a8d   0xda  Code  Gb  stm32f3xx_hal_uart.o [1]
UART_CheckIdleState     0x08004b67   0x5e  Code  Gb  stm32f3xx_hal_uart.o [1]
UART_EndTransmit_IT     0x08004d1d   0x1c  Code  Gb  stm32f3xx_hal_uart.o [1]
UART_Receive_IT         0x08004d39   0x94  Code  Gb  stm32f3xx_hal_uart.o [1]
UART_SetConfig          0x080047cd  0x2a2  Code  Gb  stm32f3xx_hal_uart.o [1]
UART_Transmit_IT        0x08004cb1   0x6c  Code  Gb  stm32f3xx_hal_uart.o [1]
UART_WaitOnFlagUntilTimeout
                        0x08004bc5   0xea  Code  Gb  stm32f3xx_hal_uart.o [1]
USART3_IRQHandler       0x080059a1    0xa  Code  Gb  stm32f3xx_it.o [1]
UartReady               0x20000c35    0x1  Data  Gb  rtc.o [1]
_Close_all              0x08005845   0x58  Code  Gb  xcloseall.o [3]
_EncodingSb_Mbtowc      0x08001f13   0x30  Code  Gb  xencoding_sb.o [3]
_EncodingSb_Mbtowc::initial
                        0x08001f50    0x8  Data  Lc  xencoding_sb.o [3]
_EncodingSb_Wctomb      0x08001ef9   0x1a  Code  Gb  xencoding_sb.o [3]
_EncodingSb_Wctomb::initial
                        0x08001f48    0x8  Data  Lc  xencoding_sb.o [3]
_Files                  0x200000c4   0x20  Data  Gb  xfiles.o [3]
_Fofree                 0x08005719   0x78  Code  Gb  xfofind.o [3]
_Fspos                  0x0800515f   0xd6  Code  Gb  xfspos.o [3]
_Fwprep                 0x080054fd   0xb8  Code  Gb  xfwprep.o [3]
_GenldFull              0x08001085  0x254  Code  Lc  xprintffull.o [3]
_IsdstStr               0x20000178    0x4  Data  Gb  setlocale.o [3]
_LdtobFull              0x08000c85  0x3fa  Code  Lc  xprintffull.o [3]
_LitobFull              0x08000b79  0x10a  Code  Lc  xprintffull.o [3]
_LocaleEncoding         0x08001ee5    0xe  Code  Gb  setlocale.o [3]
_LocaleReturnString     0x20000198   0x50  Data  Lc  setlocale.o [3]
_Locale_Profile         0x2000017c   0x1c  Data  Gb  setlocale.o [3]
_Locale_aeabi_lconv     0x2000013c   0x38  Data  Gb  localeconv.o [3]
_Locale_lconv           0x200000ec   0x50  Data  Gb  localeconv.o [3]
_Mbtowc                 0x08001323   0x20  Code  Gb  xmbtowc.o [3]
_Nnl                    0x080052e5    0xc  Code  Gb  xfgpos.o [3]
_PrintfFull             0x08000189  0x660  Code  Gb  xprintffull.o [3]
_Prout                  0x08005abd   0x16  Code  Gb  xprout.o [3]
_PutcharsFull           0x080012d9   0x2e  Code  Lc  xprintffull.o [3]
_PutstrFull             0x0800086d  0x306  Code  Lc  xprintffull.o [3]
_TzoneStr               0x20000174    0x4  Data  Gb  setlocale.o [3]
_Wctomb                 0x080014a9   0x1a  Code  Gb  xwctomb.o [3]
__aeabi_cdcmple         0x080016f1         Code  Gb  DblCmpLe.o [4]
__aeabi_cdrcmple        0x08001721         Code  Gb  DblCmpGe.o [4]
__aeabi_d2iz            0x08001865         Code  Gb  DblToI32.o [4]
__aeabi_d2uiz           0x08001891         Code  Gb  DblToI32.o [4]
__aeabi_ddiv            0x08001c11         Code  Gb  DblDiv.o [4]
__aeabi_dmul            0x08001a6d         Code  Gb  DblMul.o [4]
__aeabi_dsub            0x080018ed         Code  Gb  DblSub.o [4]
__aeabi_errno_addr      0x0800533d    0x6  Code  Gb  errno.o [3]
__aeabi_i2d             0x080018bd         Code  Gb  I32ToDbl.o [4]
__aeabi_ldiv0           0x08001f85         Code  Gb  I64DivZer.o [5]
__aeabi_ui2d            0x080018d1         Code  Gb  I32ToDbl.o [4]
__aeabi_uldivmod        0x080015bd         Code  Gb  I64DivMod.o [5]
__cexit_closeall        0x08005a9b         Code  Gb  cexit.o [5]
__close                 0x08005813   0x1a  Code  Gb  close.o [6]
__cmain                 0x08005a75         Code  Gb  cmain.o [5]
__cstart_closeall       0x08005c94         Data  Gb  cstart_closeall.o [5]
__data_Aldata           0x20000bf0    0x8  Data  Gb  xxmemxmalloc.o [3]
__data_GetMemChunk      0x08001f59   0x2c  Code  Gb  xgetmemchunk.o [3]
__data_GetMemChunk::start
                        0x20000c2c    0x4  Data  Lc  xgetmemchunk.o [3]
__dwrite                0x08005429   0x1e  Code  Gb  dwrite.o [6]
__exit                  0x08005aa9   0x14  Code  Gb  exit.o [6]
__iar_Dnorm             0x080016ab   0x44  Code  Gb  xdnorm.o [4]
__iar_Dscale            0x08001751  0x114  Code  Gb  xdscale.o [4]
__iar_Errno             0x200001e8    0x4  Data  Gb  errno.o [3]
__iar_Locale_lconv_init
                        0x08001e69   0x3a  Code  Gb  localeconv.o [3]
__iar_Lockfilelock      0x08005349    0x2  Code  Gb  xsyslock_nop.o [3]
__iar_Mbcurmax          0x080013ed    0xa  Code  Gb  xmbcurmax.o [3]
__iar_Memchr            0x08001395         Code  Gb  memchr.o [5]
__iar_Stderr            0x20000084   0x40  Data  Gb  xfiles.o [3]
__iar_Stdin             0x20000004   0x40  Data  Gb  xfiles.o [3]
__iar_Stdout            0x20000044   0x40  Data  Gb  xfiles.o [3]
__iar_Strchr            0x08001345         Code  Gb  strchr.o [5]
__iar_Unlockfilelock    0x0800534b    0x2  Code  Gb  xsyslock_nop.o [3]
__iar_close_ttio        0x08005489   0x2e  Code  Gb  iarttio.o [6]
__iar_d2uiz             0x0800189d         Code  Gb  DblToI32.o [4]
__iar_dadd              0x08001f89         Code  Gb  DblAdd.o [4]
__iar_data_init3        0x080059e9   0x28  Code  Gb  data_init.o [5]
__iar_dlib_perthread_access
                        0x0800205d    0x2  Code  Gb  xtls.o [3]
__iar_dsub              0x08001901         Code  Gb  DblSub.o [4]
__iar_dsubStart         0x08001913         Code  Gb  DblSub.o [4]
__iar_get_ttio          0x080054b9   0x38  Code  Gb  iarttio.o [6]
__iar_init_vfp          0x08005a11         Code  Gb  fpinit_M.o [4]
__iar_lookup_ttioh      0x080054f5    0x8  Code  Gb  XShttio.o [3]
__iar_packbits_init_single3
                        0x08005933   0x38  Code  Gb  packbits_init_single.o [5]
__iar_program_start     0x08005b69         Code  Gb  cstartup_M.o [5]
__iar_sh_Discard        0x0800535d   0x3e  Code  Gb  XShHandles.o [3]
__iar_sh_Move           0x080053a1   0x46  Code  Gb  XShHandles.o [3]
__iar_sh_Pos            0x080053e7   0x3e  Code  Gb  XShHandles.o [3]
__iar_sh_stdout         0x08005447   0x20  Code  Gb  iarwstd.o [6]
__iar_sh_write          0x08005467   0x22  Code  Gb  iarwrite.o [6]
__iar_ttio_handles      0x200000e4    0x8  Data  Lc  XShttio.o [3]
__iar_ui2d              0x080018d5         Code  Gb  I32ToDbl.o [4]
__iar_unaligned___aeabi_memcpy
                        0x080014c5         Code  Gb  ABImemcpy_unaligned.o [5]
__iar_unaligned___aeabi_memcpy4
                        0x080014e5         Code  Gb  ABImemcpy_unaligned.o [5]
__iar_unaligned___aeabi_memcpy8
                        0x080014e5         Code  Gb  ABImemcpy_unaligned.o [5]
__iar_zero_init3        0x080058f3   0x40  Code  Gb  zero_init3.o [5]
__low_level_init        0x08005a8f    0x4  Code  Gb  low_level_init.o [3]
__lseek                 0x080052f1   0x4c  Code  Gb  lseek.o [6]
__vector_table          0x08000000         Data  Gb  startup_stm32f303xc.o [1]
__write                 0x0800534d   0x10  Code  Gb  write.o [6]
_call_main              0x08005a81         Code  Gb  cmain.o [5]
_exit                   0x08005a99         Code  Gb  cexit.o [5]
_main                   0x08005a8b         Code  Gb  cmain.o [5]
aPLLMULFactorTable      0x08005b10   0x10  Data  Gb  stm32f3xx_hal_rcc.o [1]
aPredivFactorTable      0x08005b20   0x10  Data  Gb  stm32f3xx_hal_rcc.o [1]
div                     0x08001ed5    0xe  Code  Gb  div.o [3]
ebuf                    0x20000aac   0x50  Data  Lc  xfiles.o [3]
exit                    0x08005a93    0x4  Code  Gb  exit.o [3]
fclose                  0x08005799   0x7a  Code  Gb  fclose.o [3]
fflush                  0x080052ab   0x34  Code  Gb  fflush.o [3]
fflushOne               0x08005235   0x76  Code  Lc  fflush.o [3]
fputc                   0x0800589d   0x56  Code  Gb  fputc.o [3]
frame_decoder           0x080038a3  0x222  Code  Gb  main.o [1]
frame_decoder::decoded_frame
                        0x20000890   0xa0  Data  Lc  main.o [1]
frame_decoder::temp     0x20000c30    0x2  Data  Lc  main.o [1]
free                    0x0800153d   0x7a  Code  Gb  xxmemxfree.o [3]
fseek                   0x080055b5   0x22  Code  Gb  fseek.o [3]
hcrc                    0x20000b88   0x24  Data  Gb  crc.o [1]
hrtc                    0x20000bd0   0x20  Data  Gb  rtc.o [1]
htim1                   0x20000b4c   0x3c  Data  Gb  tim.o [1]
huart3                  0x20000a3c   0x70  Data  Gb  usart.o [1]
localeconv              0x08001ea3   0x16  Code  Gb  localeconv.o [3]
main                    0x0800364d   0xc6  Code  Gb  main.o [1]
malloc                  0x080013f9   0xac  Code  Gb  xxmemxmalloc.o [3]
memchr                  0x08001395         Code  Gb  memchr.o [5]
obuf                    0x20000afc   0x50  Data  Lc  xfiles.o [3]
osSystickHandler        0x080059d9   0x10  Code  Gb  cmsis_os.o [1]
printf                  0x080043ed   0x24  Code  Gb  printf.o [3]
prvResetNextTaskUnblockTime
                        0x080050b9   0x28  Code  Lc  tasks.o [1]
putchar                 0x08005ad5    0xc  Code  Gb  putchar.o [3]
pxCurrentTCB            0x20000c00    0x4  Data  Gb  tasks.o [1]
pxDelayedTaskList       0x20000c04    0x4  Data  Lc  tasks.o [1]
pxOverflowDelayedTaskList
                        0x20000c08    0x4  Data  Lc  tasks.o [1]
pxReadyTasksLists       0x20000930   0x8c  Data  Lc  tasks.o [1]
remove                  0x0800582d   0x16  Code  Gb  remove.o [6]
sFileInfo               0x200009bc   0x80  Data  Lc  XShHandles.o [3]
strchr                  0x08001345         Code  Gb  strchr.o [5]
strlen                  0x0800135d         Code  Gb  strlen.o [5]
uwTick                  0x20000bfc    0x4  Data  Gb  stm32f3xx_hal.o [1]
uxListRemove            0x08005139   0x26  Code  Gb  list.o [1]
uxPendedTicks           0x20000c18    0x4  Data  Lc  tasks.o [1]
uxSchedulerSuspended    0x20000c28    0x4  Data  Lc  tasks.o [1]
uxTopReadyPriority      0x20000c10    0x4  Data  Lc  tasks.o [1]
vListInsertEnd          0x08005121   0x18  Code  Gb  list.o [1]
vPortEnableVFP          0x08005665         Code  Gb  portasm.o [1]
vPortStartFirstTask     0x0800564d         Code  Gb  portasm.o [1]
vTaskSwitchContext      0x08005035   0x6e  Code  Gb  tasks.o [1]
xNextTaskUnblockTime    0x20000c24    0x4  Data  Lc  tasks.o [1]
xNumOfOverflows         0x20000c20    0x4  Data  Lc  tasks.o [1]
xPortSysTickHandler     0x0800596d   0x2c  Code  Gb  port.o [1]
xSchedulerRunning       0x20000c14    0x4  Data  Lc  tasks.o [1]
xTaskGetSchedulerState  0x080050e1   0x20  Code  Gb  tasks.o [1]
xTaskIncrementTick      0x08004f19  0x11c  Code  Gb  tasks.o [1]
xTickCount              0x20000c0c    0x4  Data  Lc  tasks.o [1]
xYieldPending           0x20000c1c    0x4  Data  Lc  tasks.o [1]


[1] = D:\Skolarbeten\Inbyggda System\Projekt\KULUR\Test\Debug\Obj
[2] = command line
[3] = dl7M_tlf.a
[4] = m7M_tls.a
[5] = rt7M_tl.a
[6] = shb_l.a

  23 506 bytes of readonly  code memory
     332 bytes of readonly  data memory
   3 122 bytes of readwrite data memory

Errors: none
Warnings: none
